[    0.000000] Initializing cgroup subsys cpuset
[    0.000000] Initializing cgroup subsys cpu
[    0.000000] Initializing cgroup subsys cpuacct
[    0.000000] Linux version 4.4.0-146-generic (buildd@lcy01-amd64-025) (gcc version 5.4.0 20160609 (Ubuntu 5.4.0-6ubuntu1~16.04.10) ) #172-Ubuntu SMP Wed Apr 3 09:00:08 UTC 2019 (Ubuntu 4.4.0-146.172-generic 4.4.177)
[    0.000000] Command line: BOOT_IMAGE=/boot/vmlinuz-4.4.0-146-generic root=LABEL=cloudimg-rootfs ro console=tty1 console=ttyS0
[    0.000000] KERNEL supported cpus:
[    0.000000]   Intel GenuineIntel
[    0.000000]   AMD AuthenticAMD
[    0.000000]   Centaur CentaurHauls
[    0.000000] x86/fpu: xstate_offset[2]:  576, xstate_sizes[2]:  256
[    0.000000] x86/fpu: Supporting XSAVE feature 0x01: 'x87 floating point registers'
[    0.000000] x86/fpu: Supporting XSAVE feature 0x02: 'SSE registers'
[    0.000000] x86/fpu: Supporting XSAVE feature 0x04: 'AVX registers'
[    0.000000] x86/fpu: Enabled xstate features 0x7, context size is 832 bytes, using 'standard' format.
[    0.000000] e820: BIOS-provided physical RAM map:
[    0.000000] BIOS-e820: [mem 0x0000000000000000-0x000000000009fbff] usable
[    0.000000] BIOS-e820: [mem 0x000000000009fc00-0x000000000009ffff] reserved
[    0.000000] BIOS-e820: [mem 0x00000000000f0000-0x00000000000fffff] reserved
[    0.000000] BIOS-e820: [mem 0x0000000000100000-0x000000003ffeffff] usable
[    0.000000] BIOS-e820: [mem 0x000000003fff0000-0x000000003fffffff] ACPI data
[    0.000000] BIOS-e820: [mem 0x00000000fec00000-0x00000000fec00fff] reserved
[    0.000000] BIOS-e820: [mem 0x00000000fee00000-0x00000000fee00fff] reserved
[    0.000000] BIOS-e820: [mem 0x00000000fffc0000-0x00000000ffffffff] reserved
[    0.000000] NX (Execute Disable) protection: active
[    0.000000] SMBIOS 2.5 present.
[    0.000000] Hypervisor detected: KVM
[    0.000000] e820: last_pfn = 0x3fff0 max_arch_pfn = 0x400000000
[    0.000000] MTRR: Disabled
[    0.000000] x86/PAT: MTRRs disabled, skipping PAT initialization too.
[    0.000000] CPU MTRRs all blank - virtualized system.
[    0.000000] x86/PAT: Configuration [0-7]: WB  WT  UC- UC  WB  WT  UC- UC  
[    0.000000] found SMP MP-table at [mem 0x0009fff0-0x0009ffff] mapped at [ffff88000009fff0]
[    0.000000] Scanning 1 areas for low memory corruption
[    0.000000] RAMDISK: [mem 0x362fc000-0x37175fff]
[    0.000000] ACPI: Early table checksum verification disabled
[    0.000000] ACPI: RSDP 0x00000000000E0000 000024 (v02 VBOX  )
[    0.000000] ACPI: XSDT 0x000000003FFF0030 00003C (v01 VBOX   VBOXXSDT 00000001 ASL  00000061)
[    0.000000] ACPI: FACP 0x000000003FFF00F0 0000F4 (v04 VBOX   VBOXFACP 00000001 ASL  00000061)
[    0.000000] ACPI: DSDT 0x000000003FFF0470 0022EA (v02 VBOX   VBOXBIOS 00000002 INTL 20100528)
[    0.000000] ACPI: FACS 0x000000003FFF0200 000040
[    0.000000] ACPI: FACS 0x000000003FFF0200 000040
[    0.000000] ACPI: APIC 0x000000003FFF0240 00005C (v02 VBOX   VBOXAPIC 00000001 ASL  00000061)
[    0.000000] ACPI: SSDT 0x000000003FFF02A0 0001CC (v01 VBOX   VBOXCPUT 00000002 INTL 20100528)
[    0.000000] No NUMA configuration found
[    0.000000] Faking a node at [mem 0x0000000000000000-0x000000003ffeffff]
[    0.000000] NODE_DATA(0) allocated [mem 0x3ffeb000-0x3ffeffff]
[    0.000000] kvm-clock: Using msrs 4b564d01 and 4b564d00
[    0.000000] kvm-clock: cpu 0, msr 0:3ffe3001, primary cpu clock
[    0.000000] kvm-clock: using sched offset of 22021389830 cycles
[    0.000000] clocksource: kvm-clock: mask: 0xffffffffffffffff max_cycles: 0x1cd42e4dffb, max_idle_ns: 881590591483 ns
[    0.000000] Zone ranges:
[    0.000000]   DMA      [mem 0x0000000000001000-0x0000000000ffffff]
[    0.000000]   DMA32    [mem 0x0000000001000000-0x000000003ffeffff]
[    0.000000]   Normal   empty
[    0.000000]   Device   empty
[    0.000000] Movable zone start for each node
[    0.000000] Early memory node ranges
[    0.000000]   node   0: [mem 0x0000000000001000-0x000000000009efff]
[    0.000000]   node   0: [mem 0x0000000000100000-0x000000003ffeffff]
[    0.000000] Initmem setup node 0 [mem 0x0000000000001000-0x000000003ffeffff]
[    0.000000] ACPI: PM-Timer IO Port: 0x4008
[    0.000000] IOAPIC[0]: apic_id 2, version 32, address 0xfec00000, GSI 0-23
[    0.000000] ACPI: INT_SRC_OVR (bus 0 bus_irq 0 global_irq 2 dfl dfl)
[    0.000000] ACPI: INT_SRC_OVR (bus 0 bus_irq 9 global_irq 9 low level)
[    0.000000] Using ACPI (MADT) for SMP configuration information
[    0.000000] smpboot: Allowing 2 CPUs, 0 hotplug CPUs
[    0.000000] PM: Registered nosave memory: [mem 0x00000000-0x00000fff]
[    0.000000] PM: Registered nosave memory: [mem 0x0009f000-0x0009ffff]
[    0.000000] PM: Registered nosave memory: [mem 0x000a0000-0x000effff]
[    0.000000] PM: Registered nosave memory: [mem 0x000f0000-0x000fffff]
[    0.000000] e820: [mem 0x40000000-0xfebfffff] available for PCI devices
[    0.000000] Booting paravirtualized kernel on KVM
[    0.000000] clocksource: refined-jiffies: mask: 0xffffffff max_cycles: 0xffffffff, max_idle_ns: 7645519600211568 ns
[    0.000000] setup_percpu: NR_CPUS:512 nr_cpumask_bits:512 nr_cpu_ids:2 nr_node_ids:1
[    0.000000] PERCPU: Embedded 34 pages/cpu @ffff88003fc00000 s99480 r8192 d31592 u1048576
[    0.000000] Built 1 zonelists in Node order, mobility grouping on.  Total pages: 257912
[    0.000000] Policy zone: DMA32
[    0.000000] Kernel command line: BOOT_IMAGE=/boot/vmlinuz-4.4.0-146-generic root=LABEL=cloudimg-rootfs ro console=tty1 console=ttyS0
[    0.000000] PID hash table entries: 4096 (order: 3, 32768 bytes)
[    0.000000] Memory: 997736K/1048120K available (8609K kernel code, 1334K rwdata, 4028K rodata, 1484K init, 1284K bss, 50384K reserved, 0K cma-reserved)
[    0.000000] SLUB: HWalign=64, Order=0-3, MinObjects=0, CPUs=2, Nodes=1
[    0.000000] Kernel/User page tables isolation: enabled
[    0.000000] Hierarchical RCU implementation.
[    0.000000] 	Build-time adjustment of leaf fanout to 64.
[    0.000000] 	RCU restricting CPUs from NR_CPUS=512 to nr_cpu_ids=2.
[    0.000000] RCU: Adjusting geometry for rcu_fanout_leaf=64, nr_cpu_ids=2
[    0.000000] NR_IRQS:33024 nr_irqs:440 16
[    0.000000] Console: colour VGA+ 80x25
[    0.000000] console [tty1] enabled
[    0.000000] console [ttyS0] enabled
[    0.000000] tsc: Detected 2303.996 MHz processor
[    3.760806] Calibrating delay loop (skipped) preset value.. 4607.99 BogoMIPS (lpj=9215984)
[    3.807857] pid_max: default: 32768 minimum: 301
[    3.833448] ACPI: Core revision 20150930
[    3.856934] ACPI: 2 ACPI AML tables successfully acquired and loaded
[    3.892266] Security Framework initialized
[    3.918205] Yama: becoming mindful.
[    3.941048] AppArmor: AppArmor initialized
[    3.966029] Dentry cache hash table entries: 131072 (order: 8, 1048576 bytes)
[    4.020781] Inode-cache hash table entries: 65536 (order: 7, 524288 bytes)
[    4.076951] Mount-cache hash table entries: 2048 (order: 2, 16384 bytes)
[    4.123394] Mountpoint-cache hash table entries: 2048 (order: 2, 16384 bytes)
[    4.162423] Initializing cgroup subsys io
[    4.191695] Initializing cgroup subsys memory
[    4.212981] Initializing cgroup subsys devices
[    4.234992] Initializing cgroup subsys freezer
[    4.256878] Initializing cgroup subsys net_cls
[    4.278093] Initializing cgroup subsys perf_event
[    4.305880] Initializing cgroup subsys net_prio
[    4.332682] Initializing cgroup subsys hugetlb
[    4.356422] Initializing cgroup subsys pids
[    4.386233] mce: CPU supports 0 MCE banks
[    4.425320] Last level iTLB entries: 4KB 128, 2MB 8, 4MB 8
[    4.462023] Last level dTLB entries: 4KB 64, 2MB 0, 4MB 0, 1GB 4
[    4.492135] Spectre V2 : Mitigation: Full generic retpoline
[    4.526931] Spectre V2 : Spectre v2 / SpectreRSB mitigation: Filling RSB on context switch
[    4.573174] Speculative Store Bypass: Vulnerable
[    4.678935] Freeing SMP alternatives memory: 36K
[    4.862451] ftrace: allocating 32287 entries in 127 pages
[    6.147119] smpboot: APIC(0) Converting physical 0 to logical package 0
[    6.200088] smpboot: Max logical packages: 1
[    6.242862] x2apic enabled
[    6.272479] Switched APIC routing to physical x2apic.
[    6.333324] ..TIMER: vector=0x30 apic1=0 pin1=2 apic2=-1 pin2=-1
[    6.491501] APIC calibration not consistent with PM-Timer: 97ms instead of 100ms
[    6.566483] APIC delta adjusted to PM-Timer: 6432517 (6283167)
[    6.605762] smpboot: CPU0: Intel(R) Core(TM) i5-6300HQ CPU @ 2.30GHz (family: 0x6, model: 0x5e, stepping: 0x3)
[    6.664860] Performance Events: unsupported p6 CPU model 94 no PMU driver, software events only.
[    6.958154] KVM setup paravirtual spinlock
[    6.982581] x86: Booting SMP configuration:
[    7.009704] .... node  #0, CPUs:      #1
[    7.037066] kvm-clock: cpu 1, msr 0:3ffe3041, secondary cpu clock
[    7.064242] mce: CPU supports 0 MCE banks
[    7.087837] x86: Booted up 1 node, 2 CPUs
[    7.136130] smpboot: Total of 2 processors activated (9215.98 BogoMIPS)
[    7.197822] devtmpfs: initialized
[    7.232908] evm: security.selinux
[    7.268577] evm: security.SMACK64
[    7.301104] evm: security.SMACK64EXEC
[    7.323188] evm: security.SMACK64TRANSMUTE
[    7.344514] evm: security.SMACK64MMAP
[    7.363749] evm: security.ima
[    7.382847] evm: security.capability
[    7.407852] clocksource: jiffies: mask: 0xffffffff max_cycles: 0xffffffff, max_idle_ns: 7645041785100000 ns
[    7.478765] futex hash table entries: 512 (order: 3, 32768 bytes)
[    7.529627] pinctrl core: initialized pinctrl subsystem
[    7.565630] RTC time: 11:55:50, date: 05/11/19
[    7.595301] NET: Registered protocol family 16
[    7.652702] cpuidle: using governor ladder
[    7.685875] cpuidle: using governor menu
[    7.752897] PCCT header not found.
[    7.798933] ACPI: bus type PCI registered
[    7.902754] acpiphp: ACPI Hot Plug PCI Controller Driver version: 0.5
[    7.944281] PCI: Using configuration type 1 for base access
[    7.992526] ACPI: Added _OSI(Module Device)
[    8.021078] ACPI: Added _OSI(Processor Device)
[    8.044385] ACPI: Added _OSI(3.0 _SCP Extensions)
[    8.069245] ACPI: Added _OSI(Processor Aggregator Device)
[    8.116555] ACPI: Executed 1 blocks of module-level executable AML code
[    8.166876] ACPI: Interpreter enabled
[    8.189392] ACPI: (supports S0 S5)
[    8.210991] ACPI: Using IOAPIC for interrupt routing
[    8.254274] PCI: Using host bridge windows from ACPI; if necessary, use "pci=nocrs" and report a bug
[    8.337075] ACPI: PCI Root Bridge [PCI0] (domain 0000 [bus 00-ff])
[    8.370523] acpi PNP0A03:00: _OSC: OS supports [ASPM ClockPM Segments MSI]
[    8.406290] acpi PNP0A03:00: _OSC: not requesting OS control; OS requires [ExtendedConfig ASPM ClockPM MSI]
[    8.459132] acpi PNP0A03:00: fail to add MMCONFIG information, can't access extended PCI configuration space under this bridge.
[    8.521204] PCI host bridge to bus 0000:00
[    8.550548] pci_bus 0000:00: root bus resource [io  0x0000-0x0cf7 window]
[    8.600086] pci_bus 0000:00: root bus resource [io  0x0d00-0xffff window]
[    8.640831] pci_bus 0000:00: root bus resource [mem 0x000a0000-0x000bffff window]
[    8.703846] pci_bus 0000:00: root bus resource [mem 0x40000000-0xfdffffff window]
[    8.746479] pci_bus 0000:00: root bus resource [bus 00-ff]
[    8.897305] pci 0000:00:01.1: legacy IDE quirk: reg 0x10: [io  0x01f0-0x01f7]
[    8.939109] pci 0000:00:01.1: legacy IDE quirk: reg 0x14: [io  0x03f6]
[    8.980995] pci 0000:00:01.1: legacy IDE quirk: reg 0x18: [io  0x0170-0x0177]
[    9.022359] pci 0000:00:01.1: legacy IDE quirk: reg 0x1c: [io  0x0376]
[    9.446085] pci 0000:00:07.0: quirk: [io  0x4000-0x403f] claimed by PIIX4 ACPI
[    9.488868] pci 0000:00:07.0: quirk: [io  0x4100-0x410f] claimed by PIIX4 SMB
[    9.589236] ACPI: PCI Interrupt Link [LNKA] (IRQs 5 9 10 *11)
[    9.640587] ACPI: PCI Interrupt Link [LNKB] (IRQs 5 9 *10 11)
[    9.691536] ACPI: PCI Interrupt Link [LNKC] (IRQs 5 *9 10 11)
[    9.745176] ACPI: PCI Interrupt Link [LNKD] (IRQs 5 9 10 *11)
[    9.812043] ACPI: Enabled 2 GPEs in block 00 to 07
[    9.850829] vgaarb: setting as boot device: PCI:0000:00:02.0
[    9.881087] vgaarb: device added: PCI:0000:00:02.0,decodes=io+mem,owns=io+mem,locks=none
[    9.928805] vgaarb: loaded
[    9.949050] vgaarb: bridge control possible 0000:00:02.0
[    9.985435] SCSI subsystem initialized
[   10.018257] ACPI: bus type USB registered
[   10.043260] usbcore: registered new interface driver usbfs
[   10.101401] usbcore: registered new interface driver hub
[   10.136299] usbcore: registered new device driver usb
[   10.172489] PCI: Using ACPI for IRQ routing
[   10.206756] NetLabel: Initializing
[   10.233148] NetLabel:  domain hash size = 128
[   10.260717] NetLabel:  protocols = UNLABELED CIPSOv4
[   10.285990] NetLabel:  unlabeled traffic allowed by default
[   10.325151] amd_nb: Cannot enumerate AMD northbridges
[   10.361308] clocksource: Switched to clocksource kvm-clock
[   10.413664] AppArmor: AppArmor Filesystem Enabled
[   10.438409] pnp: PnP ACPI init
[   10.475482] pnp: PnP ACPI: found 3 devices
[   10.508764] clocksource: acpi_pm: mask: 0xffffff max_cycles: 0xffffff, max_idle_ns: 2085701024 ns
[   10.565869] NET: Registered protocol family 2
[   10.590916] TCP established hash table entries: 8192 (order: 4, 65536 bytes)
[   10.625729] TCP bind hash table entries: 8192 (order: 5, 131072 bytes)
[   10.661703] TCP: Hash tables configured (established 8192 bind 8192)
[   10.725627] UDP hash table entries: 512 (order: 2, 16384 bytes)
[   10.758786] UDP-Lite hash table entries: 512 (order: 2, 16384 bytes)
[   10.801555] NET: Registered protocol family 1
[   10.825270] pci 0000:00:00.0: Limiting direct PCI/PCI transfers
[   10.865087] pci 0000:00:01.0: Activating ISA DMA hang workarounds
[   10.910404] Unpacking initramfs...
[   11.409140] Freeing initrd memory: 14824K
[   11.438636] platform rtc_cmos: registered platform RTC device (no PNP device found)
[   11.484688] Scanning for low memory corruption every 60 seconds
[   11.520647] audit: initializing netlink subsys (disabled)
[   11.598320] audit: type=2000 audit(1557575770.042:1): initialized
[   11.636736] Initialise system trusted keyring
[   11.666317] HugeTLB registered 2 MB page size, pre-allocated 0 pages
[   11.696161] zbud: loaded
[   11.712908] VFS: Disk quotas dquot_6.6.0
[   11.732707] VFS: Dquot-cache hash table entries: 512 (order 0, 4096 bytes)
[   11.763626] squashfs: version 4.0 (2009/01/31) Phillip Lougher
[   11.791810] fuse init (API version 7.23)
[   11.813279] Key type big_key registered
[   11.837773] Allocating IMA MOK and blacklist keyrings.
[   11.881605] Key type asymmetric registered
[   11.906718] Asymmetric key parser 'x509' registered
[   11.937167] Block layer SCSI generic (bsg) driver version 0.4 loaded (major 249)
[   11.979680] io scheduler noop registered
[   12.000773] io scheduler deadline registered (default)
[   12.025224] io scheduler cfq registered
[   12.048941] pci_hotplug: PCI Hot Plug PCI Core version: 0.5
[   12.075978] pciehp: PCI Express Hot Plug Controller Driver version: 0.4
[   12.105298] ACPI: AC Adapter [AC] (on-line)
[   12.126670] input: Power Button as /devices/LNXSYSTM:00/LNXPWRBN:00/input/input0
[   12.162992] ACPI: Power Button [PWRF]
[   12.183571] input: Sleep Button as /devices/LNXSYSTM:00/LNXSLPBN:00/input/input1
[   12.219465] ACPI: Sleep Button [SLPF]
[   12.253080] GHES: HEST is not enabled!
[   12.268511] ACPI: Battery Slot [BAT0] (battery present)
[   12.316018] Serial: 8250/16550 driver, 32 ports, IRQ sharing enabled
 	
 !"#$%&'()*+,-./0123456789:;<=>?@ABCDEFGHIJKLMNOPQRSTUVWXYZ[\]^_`abcdefghijklmnopqrstuvwxyz{|}~ÄÅÇÉÑÖÜáàâäãåçéèêëíìîïñóòôöõúùûü†°¢£§•¶ß®©™´¨≠ÆØ∞±≤≥¥µ∂∑∏π∫ªºΩæø¿¡¬√ƒ≈∆«»… ÀÃÕŒœ–—“”‘’÷◊ÿŸ⁄€‹›ﬁﬂ‡·‚„‰ÂÊÁËÈÍÎÏÌÓÔÒÚÛÙıˆ˜¯˘˙˚¸˝˛ˇ[   12.432144] 00:02: ttyS0 at I/O 0x3f8 (irq = 4, base_baud = 115200) is a 16550A
[   12.472276] Linux agpgart interface v0.103
[   12.500530] loop: module loaded
[   12.525193] scsi host0: ata_piix
[   12.544167] scsi host1: ata_piix
[   12.560455] ata1: PATA max UDMA/33 cmd 0x1f0 ctl 0x3f6 bmdma 0xd000 irq 14
[   12.594379] ata2: PATA max UDMA/33 cmd 0x170 ctl 0x376 bmdma 0xd008 irq 15
[   12.625838] libphy: Fixed MDIO Bus: probed
[   12.652017] tun: Universal TUN/TAP device driver, 1.6
[   12.677583] tun: (C) 1999-2004 Max Krasnyansky <maxk@qualcomm.com>
[   12.705740] PPP generic driver version 2.4.2
[   12.727365] ehci_hcd: USB 2.0 'Enhanced' Host Controller (EHCI) Driver
[   12.758859] ehci-pci: EHCI PCI platform driver
[   12.782744] ehci-platform: EHCI generic platform driver
[   12.810970] ohci_hcd: USB 1.1 'Open' Host Controller (OHCI) Driver
[   12.849674] ohci-pci: OHCI PCI platform driver
[   12.883145] ohci-platform: OHCI generic platform driver
[   12.914785] uhci_hcd: USB Universal Host Controller Interface driver
[   12.965116] i8042: PNP: PS/2 Controller [PNP0303:PS2K,PNP0f03:PS2M] at 0x60,0x64 irq 1,12
[   13.066215] serio: i8042 KBD port at 0x60,0x64 irq 1
[   13.090822] serio: i8042 AUX port at 0x60,0x64 irq 12
[   13.122257] mousedev: PS/2 mouse device common for all mice
[   13.171844] rtc_cmos rtc_cmos: rtc core: registered rtc_cmos as rtc0
[   13.211246] input: AT Translated Set 2 keyboard as /devices/platform/i8042/serio0/input/input2
[   13.260830] rtc_cmos rtc_cmos: alarms up to one day, 114 bytes nvram
[   13.294041] i2c /dev entries driver
[   13.317352] device-mapper: uevent: version 1.0.3
[   13.347123] device-mapper: ioctl: 4.34.0-ioctl (2015-10-28) initialised: dm-devel@redhat.com
[   13.394741] ledtrig-cpu: registered to indicate activity on CPUs
[   13.432277] NET: Registered protocol family 10
[   13.459372] NET: Registered protocol family 17
[   13.522367] Key type dns_resolver registered
[   13.566218] registered taskstats version 1
[   13.597056] Loading compiled-in X.509 certificates
[   13.628369] Loaded X.509 cert 'Build time autogenerated kernel key: 4dcb2dc2c7cf43e0c20c44384f68683c20294489'
[   13.680525] zswap: loaded using pool lzo/zbud
[   13.712187] Key type trusted registered
[   13.752741] Key type encrypted registered
[   13.776220] AppArmor: AppArmor sha1 policy hashing enabled
[   13.810315] ima: No TPM chip found, activating TPM-bypass!
[   13.839251] ima: Allocated hash algorithm: sha1
[   13.866321] evm: HMAC attrs: 0x1
[   13.894156]   Magic number: 3:875:933
[   13.916657] rtc_cmos rtc_cmos: setting system clock to 2019-05-11 11:55:56 UTC (1557575756)
[   13.966896] BIOS EDD facility v0.16 2004-Jun-25, 0 devices found
[   13.997768] EDD information not available.
[   14.039611] Freeing unused kernel memory: 1484K
[   14.081745] Write protecting the kernel read-only data: 14336k
[   14.121236] Freeing unused kernel memory: 1620K
[   14.163554] Freeing unused kernel memory: 68K
Loading, please wait...
starting version[   14.238820] random: udevadm: uninitialized urandom read (16 bytes read, 9 bits of entropy available)
 229
[   14.240073] random: systemd-udevd: uninitialized urandom read (16 bytes read, 9 bits of entropy available)
[   14.240157] random: systemd-udevd: uninitialized urandom read (16 bytes read, 9 bits of entropy available)
[   14.240175] random: systemd-udevd: uninitialized urandom read (16 bytes read, 9 bits of entropy available)
[   14.240198] random: systemd-udevd: uninitialized urandom read (16 bytes read, 9 bits of entropy available)
[   14.516929] random: udevadm: uninitialized urandom read (16 bytes read, 9 bits of entropy available)
[   14.584217] random: systemd-udevd: uninitialized urandom read (16 bytes read, 9 bits of entropy available)
[   14.589496] random: udevadm: uninitialized urandom read (16 bytes read, 9 bits of entropy available)
[   14.589787] random: udevadm: uninitialized urandom read (16 bytes read, 9 bits of entropy available)
[   14.590121] random: udevadm: uninitialized urandom read (16 bytes read, 9 bits of entropy available)
[   14.853235] e1000: Intel(R) PRO/1000 Network Driver - version 7.3.21-k8-NAPI
[   14.894790] e1000: Copyright (c) 1999-2006 Intel Corporation.
[   14.938638] Fusion MPT base driver 3.04.20
[   14.960752] Copyright (c) 1999-2008 LSI Corporation
[   15.077656] AVX2 version of gcm_enc/dec engaged.
[   15.103130] AES CTR mode by8 optimization enabled
[   15.139075] Fusion MPT SPI Host driver 3.04.20
[   15.255402] input: ImExPS/2 Generic Explorer Mouse as /devices/platform/i8042/serio1/input/input4
[   17.365179] e1000 0000:00:03.0 eth0: (PCI:33MHz:32-bit) 02:26:7f:6e:ca:81
[   17.404924] e1000 0000:00:03.0 eth0: Intel(R) PRO/1000 Network Connection
[   17.456362] mptbase: ioc0: Initiating bringup
[   17.456639] e1000 0000:00:03.0 enp0s3: renamed from eth0
[   17.981884] ioc0: LSI53C1030 A0: Capabilities={Initiator}
[   19.153862] scsi host2: ioc0: LSI53C1030 A0, FwRev=00000000h, Ports=1, MaxQ=256, IRQ=20
[   19.332198] scsi 2:0:0:0: Direct-Access     VBOX     HARDDISK         1.0  PQ: 0 ANSI: 5
[   19.377035] scsi target2:0:0: Beginning Domain Validation
[   19.425040] scsi target2:0:0: Domain Validation skipping write tests
[   19.453456] scsi target2:0:0: Ending Domain Validation
[   19.478791] scsi target2:0:0: asynchronous
[   19.505633] scsi 2:0:1:0: Direct-Access     VBOX     HARDDISK         1.0  PQ: 0 ANSI: 5
[   19.546266] scsi target2:0:1: Beginning Domain Validation
[   19.594198] scsi target2:0:1: Domain Validation skipping write tests
[   19.633912] scsi target2:0:1: Ending Domain Validation
[   19.668987] scsi target2:0:1: asynchronous
[   19.731942] sd 2:0:0:0: Attached scsi generic sg0 type 0
[   19.763327] sd 2:0:0:0: [sda] 20971520 512-byte logical blocks: (10.7 GB/10.0 GiB)
[   20.007724] sd 2:0:0:0: [sda] Write Protect is off
[   20.009712] sd 2:0:1:0: [sdb] 20480 512-byte logical blocks: (10.5 MB/10.0 MiB)
[   20.011089] sd 2:0:1:0: [sdb] Write Protect is off
[   20.012074] sd 2:0:1:0: [sdb] Incomplete mode parameter data
[   20.012075] sd 2:0:1:0: [sdb] Assuming drive cache: write through
[   20.032297] sd 2:0:1:0: Attached scsi generic sg1 type 0
[   20.047065] sd 2:0:1:0: [sdb] Attached SCSI disk
[   20.221177] sd 2:0:0:0: [sda] Incomplete mode parameter data
[   20.247239] sd 2:0:0:0: [sda] Assuming drive cache: write through
[   20.311315]  sda: sda1
[   20.331148] sd 2:0:0:0: [sda] Attached SCSI disk
Begin: Loading essential drivers ... [   27.420473] md: linear personality registered for level -1
[   27.453578] md: multipath personality registered for level -4
[   27.487796] md: raid0 personality registered for level 0
[   27.539977] md: raid1 personality registered for level 1
[   27.649683] raid6: sse2x1   gen()  7556 MB/s
[   27.738082] raid6: sse2x1   xor()  5249 MB/s
[   27.825960] raid6: sse2x2   gen()  9405 MB/s
[   27.917932] raid6: sse2x2   xor()  6720 MB/s
[   28.005500] raid6: sse2x4   gen() 10155 MB/s
[   28.093706] raid6: sse2x4   xor()  7180 MB/s
[   28.185796] raid6: avx2x1   gen() 13749 MB/s
[   28.273581] raid6: avx2x2   gen() 18030 MB/s
[   28.361921] raid6: avx2x4   gen() 19125 MB/s
[   28.386490] raid6: using algorithm avx2x4 gen() 19125 MB/s
[   28.418557] raid6: using avx2x2 recovery algorithm
[   28.451514] xor: automatically using best checksumming function:
[   28.517706]    avx       : 19430.000 MB/sec
[   28.541325] async_tx: api initialized (async)
[   28.629849] md: raid6 personality registered for level 6
[   28.656517] md: raid5 personality registered for level 5
[   28.682296] md: raid4 personality registered for level 4
[   28.744376] md: raid10 personality registered for level 10
done.
Begin: Running /scripts/init-premount ... done.
Begin: Mounting root file system ... Begin: Running /scripts/local-top ... done.
Begin: Running /scripts/local-premount ... [   28.938468] Btrfs loaded
Scanning for Btrfs filesystems
done.
Warning: fsck not present, so skipping root file system
[   29.115633] EXT4-fs (sda1): mounted filesystem with ordered data mode. Opts: (null)
done.
Begin: Running /scripts/local-bottom ... done.
Begin: Running /scripts/init-bottom ... done.
[   29.549470] random: nonblocking pool is initialized
[   30.006412] systemd[1]: systemd 229 running in system mode. (+PAM +AUDIT +SELINUX +IMA +APPARMOR +SMACK +SYSVINIT +UTMP +LIBCRYPTSETUP +GCRYPT +GNUTLS +ACL +XZ -LZ4 +SECCOMP +BLKID +ELFUTILS +KMOD -IDN)
[   30.083189] systemd[1]: Detected virtualization oracle.
[   30.105956] systemd[1]: Detected architecture x86-64.

Welcome to [1mUbuntu 16.04.6 LTS[0m!

[   30.189588] systemd[1]: Set hostname to <ubuntu-xenial>.
[   31.361160] systemd[1]: Listening on Journal Audit Socket.
[[0;32m  OK  [0m] Listening on Journal Audit Socket.
[   31.407087] systemd[1]: Listening on LVM2 poll daemon socket.
[[0;32m  OK  [0m] Listening on LVM2 poll daemon socket.
[   31.452655] systemd[1]: Set up automount Arbitrary Executable File Formats File System Automount Point.
[[0;32m  OK  [0m] Set up automount Arbitrary Executab...ats File System Automount Point.
[   31.523856] systemd[1]: Created slice User and Session Slice.
[[0;32m  OK  [0m] Created slice User and Session Slice.
[   31.573330] systemd[1]: Listening on udev Kernel Socket.
[[0;32m  OK  [0m] Listening on udev Kernel Socket.
[   31.620864] systemd[1]: Created slice System Slice.
[[0;32m  OK  [0m] Created slice System Slice.
[   31.664172] systemd[1]: Started Trigger resolvconf update for networkd DNS.
[[0;32m  OK  [0m] Started Trigger resolvconf update for networkd DNS.
[   31.717037] systemd[1]: Reached target User and Group Name Lookups.
[[0;32m  OK  [0m] Reached target User and Group Name Lookups.
[   31.769791] systemd[1]: Reached target Slices.
[[0;32m  OK  [0m] Reached target Slices.
[   31.808535] systemd[1]: Listening on Device-mapper event daemon FIFOs.
[[0;32m  OK  [0m] Listening on Device-mapper event daemon FIFOs.
[   31.870872] systemd[1]: Reached target Encrypted Volumes.
[[0;32m  OK  [0m] Reached target Encrypted Volumes.
[   31.923335] systemd[1]: Started Forward Password Requests to Wall Directory Watch.
[[0;32m  OK  [0m] Started Forward Password Requests to Wall Directory Watch.
[   31.994538] systemd[1]: Listening on /dev/initctl Compatibility Named Pipe.
[[0;32m  OK  [0m] Listening on /dev/initctl Compatibility Named Pipe.
[   32.044734] systemd[1]: Reached target System Time Synchronized.
[[0;32m  OK  [0m] Reached target System Time Synchronized.
[   32.091299] systemd[1]: Listening on LVM2 metadata daemon socket.
[[0;32m  OK  [0m] Listening on LVM2 metadata daemon socket.
[   32.140978] systemd[1]: Listening on udev Control Socket.
[[0;32m  OK  [0m] Listening on udev Control Socket.
[   32.184930] systemd[1]: Listening on Journal Socket.
[[0;32m  OK  [0m] Listening on Journal Socket.
[   32.238209] systemd[1]: Mounting Debug File System...
         Mounting Debug File System...
[   32.310520] systemd[1]: Starting Remount Root and Kernel File Systems...
[   32.327103] EXT4-fs (sda1): re-mounted. Opts: (null)
         Starting Remount Root and Kernel File Systems...
[   32.403199] systemd[1]: Starting Nameserver information manager...
         Starting Nameserver information manager...
[   32.463453] systemd[1]: Starting Uncomplicated firewall...
         Starting Uncomplicated firewall...
[   32.514261] systemd[1]: Starting Set console keymap...
         Starting Set console keymap...
[   32.561793] systemd[1]: Listening on Journal Socket (/dev/log).
[[0;32m  OK  [0m] Listening on Journal Socket (/dev/log).
[   32.615951] systemd[1]: Mounting POSIX Message Queue File System...
         Mounting POSIX Message Queue File System...
[   32.670039] systemd[1]: Reached target Swap.
[[0;32m  OK  [0m] Reached target Swap.
[   32.764359] systemd[1]: Starting Load Kernel Modules...
         Starting Load Kernel Modules...
[   32.818960] systemd[1]: Starting Monitoring of LVM2 mirrors, snapshots etc. using dmeventd or progress polling...
[   32.882777] Loading iSCSI transport class v2.0-870.
         Starting Monitoring of LVM2 mirrors... dmeventd or progress polling...
[   32.929396] systemd[1]: Created slice system-serial\x2dgetty.slice.
[[0;32m  OK  [0m] Created slice system-serial\x2dgetty.slice.
[   33.004209] systemd[1]: Starting Create list of required static device nodes for the current kernel...
[   33.055088] iscsi: registered transport (tcp)
         Starting Create list of required st... nodes for the current kernel...
[   33.096127] systemd[1]: Mounting Huge Pages File System...
         Mounting Huge Pages File System...
[   33.148814] systemd[1]: Listening on Syslog Socket.
[[0;32m  OK  [0m] Listening on Syslog Socket.
[   33.199532] systemd[1]: Starting Journal Service...
         Starting Journal Service...
[   33.284324] systemd[1]: Mounted Debug File System.
[[0;32m  OK  [0m] Mounted Debug File System.
[   33.341903] systemd[1]: Mounted Huge Pages File System.
[[0;32m  OK  [0m[   33.378575] iscsi: registered transport (iser)
] Mounted Huge Pages File System.
[   33.406129] systemd[1]: Mounted POSIX Message Queue File System.
[[0;32m  OK  [0m] Mounted POSIX Message Queue File System.
[   33.461229] systemd[1]: Started Journal Service.
[[0;32m  OK  [0m] Started Journal Service.
[[0;32m  OK  [0m] Started Remount Root and Kernel File Systems.
[[0;32m  OK  [0m] Started Uncomplicated firewall.
[[0;32m  OK  [0m] Started Set console keymap.
[[0;32m  OK  [0m] Started Load Kernel Modules.
[[0;32m  OK  [0m] Started Create list of required sta...ce nodes for the current kernel.
[[0;32m  OK  [0m] Started Nameserver information manager.
[[0;32m  OK  [0m] Started LVM2 metadata daemon.
         Starting Create Static Device Nodes in /dev...
         Starting Apply Kernel Variables...
         Mounting FUSE Control File System...
         Starting udev Coldplug all Devices...
         Starting Load/Save Random Seed...
         Starting Flush Journal to Persistent Storage...
[[0;32m  OK  [0m] Mounted FUSE Control File System.
[[0;32m  OK  [0m] Started Load/Save Random Seed.
[[0;32m  OK  [0m] Started Apply Kernel Variables.
[[0;32m  OK  [0m] Started udev Coldplug all Devices.
[[0;32m  OK  [0m] Started Flush Journal to Persistent Storage.
[[0;32m  OK  [0m] Started Monitoring of LVM2 mirrors,...ng dmeventd or progress polling.
[[0;32m  OK  [0m] Started Create Static Device Nodes in /dev.
         Starting udev Kernel Device Manager...
[[0;32m  OK  [0m] Reached target Local File Systems (Pre).
[[0;32m  OK  [0m] Reached target Local File Systems.
         Starting Set console font and keymap...
         Starting LSB: AppArmor initialization...
         Starting Initial cloud-init job (pre-networking)...
         Starting Tell Plymouth To Write Out Runtime Data...
         Starting Create Volatile Files and Directories...
[[0;32m  OK  [0m] Started Tell Plymouth To Write Out Runtime Data.
[[0;32m  OK  [0m] Started Create Volatile Files and Directories.
         Starting Update UTMP about System Boot/Shutdown...
[[0;32m  OK  [0m] Started Update UTMP about System Boot/Shutdown.
[[0;32m  OK  [0m] Started udev Kernel Device Manager.
[[0;32m  OK  [0m] Started LSB: AppArmor initialization.
[   34.341995] cloud-init[472]: Cloud-init v. 18.5-45-g3554ffe8-0ubuntu1~16.04.1 running 'init-local' at Sat, 11 May 2019 11:56:23 +0000. Up 32.34 seconds.
[[0;32m  OK  [0m] Found device /dev/ttyS0.
[[0;32m  OK  [0m] Started Initial cloud-init job (pre-networking).
[[0;32m  OK  [0m] Reached target Network (Pre).
[[0;32m  OK  [0m] Listening on Load/Save RF Kill Switch Status /dev/rfkill Watch.
[[0;32m  OK  [0m] Started ifup for enp0s3.
         Starting Raise network interfaces...
[[0;32m  OK  [0m] Started Dispatch Password Requests to Console Directory Watch.
[[0;32m  OK  [0m] Started Set console font and keymap.
[[0;32m  OK  [0m] Found device 82540EM Gigabit Ethern...r (PRO/1000 MT Desktop Adapter).
[[0;32m  OK  [0m] Created slice system-getty.slice.
[[0;32m  OK  [0m] Started Raise network interfaces.
         Starting Initial cloud-init job (metadata service crawler)...
[[0;32m  OK  [0m] Reached target Network.
[   49.735437] cloud-init[968]: Cloud-init v. 18.5-45-g3554ffe8-0ubuntu1~16.04.1 running 'init' at Sat, 11 May 2019 11:56:38 +0000. Up 47.96 seconds.
[   49.785563] cloud-init[968]: ci-info: ++++++++++++++++++++++++++++++++++++++Net device info++++++++++++++++++++++++++++++++++++++
[[0;32m  OK  [0m] Started Initial cloud-init job (metadata service crawler).
[[0;32m  OK  [0m] Reached target System Initialization.
[[0;32m  OK  [0m] Started Daily Cleanup of Temporary Directories.
[   49.845565] cloud-init[968]: ci-info: +--------+------+----------------------------+---------------+--------+-------------------+
[   49.918365] cloud-init[968]: ci-info: | Device |  Up  |          Address           |      Mask     | Scope  |     Hw-Address    |
[   49.954679] cloud-init[968]: ci-info: +--------+------+----------------------------+---------------+--------+-------------------+
[   49.991998] cloud-init[968]: ci-info: | enp0s3 | True |         10.0.2.15          | 255.255.255.0 | global | 02:26:7f:6e:ca:81 |
[   50.027184] cloud-init[968]: ci-info: | enp0s3 | True | fe80::26:7fff:fe6e:ca81/64 |       .       |  link  | 02:26:7f:6e:ca:81 |
[   50.063342] cloud-init[968]: [[0;32m  OK  [0m] Started ACPI Events Check.
[[0;32m  OK  [0m] Reached target Paths.
ci-info: |   lo   | True |         127.0.0.1          |   255.0.0.0   |  host  |         .         |
[   50.121583] cloud-init[968]: ci-info: |   lo   | True |          ::1/128           |       .       |  host  |         .         |
         [   50.172421] cloud-init[968]: ci-info: +--------+------+----------------------------+---------------+--------+-------------------+
[   50.180203] cloud-init[968]: ci-info: +++++++++++++++++++++++++++Route IPv4 info++++++++++++++++++++++++++++
[   50.180251] cloud-init[968]: ci-info: +-------+-------------+----------+---------------+-----------+-------+
[   50.180294] cloud-init[968]: ci-info: | Route | Destination | Gateway  |    Genmask    | Interface | Flags |
[   50.180703] cloud-init[968]: ci-info: +-------+-------------+----------+---------------+-----------+-------+
[   50.249783] cloud-init[968]: ci-info: |   0   |   0.0.0.0   | 10.0.2.2 |    0.0.0.0    |   enp0s3  |   UG  |
[   50.299062] cloud-init[968]: ci-info: |   1   |   10.0.2.0  | 0.0.0.0  | 255.255.255.0 |   enp0s3  |   U   |
[   50.299137] cloud-init[968]: ci-info: +-------+-------------+----------+---------------+-----------+-------+
[   50.299183] cloud-init[968]: ci-info: +++++++++++++++++++Route IPv6 info+++++++++++++++++++
[   50.343847] cloud-init[968]: ci-info: +-------+-------------+---------+-----------+-------+
[   50.406374] cloud-init[968]: ci-info: | Route | Destination | Gateway | Interface | Flags |
[   50.461018] cloud-init[968]: ci-info: +-------+-------------+---------+-----------+-------+
[   50.461347] cloud-init[968]: ci-info: |   0   |  fe80::/64  |    ::   |   enp0s3  |   U   |
[   50.489506] cloud-init[968]: ci-info: |   4   |   ff00::/8  |    ::   |   enp0s3  |   U   |
[   50.508891] cloud-init[968]: ci-info: +-------+-------------+---------+-----------+-------+
Starting LXD - unix socket.
[[0;32m  OK  [0m] Started Daily apt download activities.
[[0;32m  OK  [0m] Started Daily apt upgrade and clean activities.
[[0;32m  OK  [0m] Listening on D-Bus System Message Bus Socket.
[[0;32m  OK  [0m] Listening on ACPID Listen Socket.
         Starting Socket activation for snappy daemon.
[[0;32m  OK  [0m] Listening on UUID daemon activation socket.
[[0;32m  OK  [0m] Reached target Timers.
[[0;32m  OK  [0m] Reached target Network is Online.
         Starting iSCSI initiator daemon (iscsid)...
[[0;32m  OK  [0m] Reached target Cloud-config availability.
[[0;32m  OK  [0m] Listening on LXD - unix socket.
[[0;32m  OK  [0m] Listening on Socket activation for snappy daemon.
[[0;32m  OK  [0m] Started iSCSI initiator daemon (iscsid).
         Starting Login to default iSCSI targets...
[[0;32m  OK  [0m] Reached target Sockets.
[[0;32m  OK  [0m] Reached target Basic System.
         Starting LSB: MD monitoring daemon...
         Starting Accounts Service...
[[0;32m  OK  [0m] Started D-Bus System Message Bus.
[[0;32m  OK  [0m] Started Regular background program processing daemon.
         Starting MySQL Community Server...
         Starting Snappy daemon...
         Starting LSB: Record successful boot for GRUB...
         Starting System Logging Service...
         Starting OpenBSD Secure Shell server...
         Starting Virtualbox guest utils...
[[0;32m  OK  [0m] Started FUSE filesystem for LXC.
         Starting Login Service...
         Starting /etc/rc.local Compatibility...
[[0;32m  OK  [0m] Started Deferred execution scheduler.
[[0;32m  OK  [0m] Started ACPI event daemon.
         Starting LXD - container startup/shutdown...
[[0;32m  OK  [0m] Started /etc/rc.local Compatibility.
[[0;32m  OK  [0m] Started System Logging Service.
[[0;32m  OK  [0m] Started LSB: Record successful boot for GRUB.
         Starting Authenticate and Authorize Users to Run Privileged Tasks...
[[0;32m  OK  [0m] Started LSB: MD monitoring daemon.
[[0;32m  OK  [0m] Started Login to default iSCSI targets.
[[0;32m  OK  [0m] Started Login Service.
[[0;32m  OK  [0m] Started Unattended Upgrades Shutdown.
[[0;32m  OK  [0m] Reached target Remote File Systems (Pre).
[[0;32m  OK  [0m] Reached target Remote File Systems.
         Starting LSB: Set the CPU Frequency Scaling governor to "ondemand"...
         Starting LSB: automatic crash report generation...
         Starting LSB: daemon to balance interrupts for SMP systems...
         Starting Permit User Sessions...
[[0;32m  OK  [0m] Started Permit User Sessions.
[[0;32m  OK  [0m] Started LSB: Set the CPU Frequency Scaling governor to "ondemand".
[[0;32m  OK  [0m] Started Authenticate and Authorize Users to Run Privileged Tasks.
[[0;32m  OK  [0m] Started OpenBSD Secure Shell server.
[[0;32m  OK  [0m] Started Accounts Service.
         Starting Terminate Plymouth Boot Screen...
         Starting Hold until boot process finishes up...
[[0;32m  OK  [0m] Started Terminate Plymouth Boot Screen.
[[0;32m  OK  [0m] Started Virtualbox guest utils.
[[0;32m  OK  [0m] Started LSB: daemon to balance interrupts for SMP systems.
[[0;32m  OK  [0m] Started Hold until boot process finishes up.
[[0;32m  OK  [0m] Started LSB: automatic crash report generation.
         Starting Set console scheme...
[[0;32m  OK  [0m] Started Getty on tty1.
[[0;32m  OK  [0m] Started Serial Getty on ttyS0.
[[0;32m  OK  [0m] Reached target Login Prompts.
[[0;32m  OK  [0m] Started Set console scheme.
[[0;32m  OK  [0m] Started Snappy daemon.
         Starting Wait until snapd is fully seeded...
[[0;32m  OK  [0m] Started LXD - container startup/shutdown.
[[0;32m  OK  [0m] Started Wait until snapd is fully seeded.
         Starting Apply the settings specified in cloud-config...
[[0;32m  OK  [0m] Created slice User Slice of vagrant.
         Starting User Manager for UID 1000...
[[0;32m  OK  [0m] Started Session 1 of user vagrant.
[[0;32m  OK  [0m] Started User Manager for UID 1000.
[   56.114413] cloud-init[1240]: Cloud-init v. 18.5-45-g3554ffe8-0ubuntu1~16.04.1 running 'modules:config' at Sat, 11 May 2019 11:56:46 +0000. Up 55.50 seconds.
[[0;32m  OK  [0m] Started Apply the settings specified in cloud-config.
[[0;32m  OK  [0m] Started MySQL Community Server.

Ubuntu 16.04.6 LTS ubuntu-xenial ttyS0

ubuntu-xenial login: [   60.142683] cloud-init[1366]: Cloud-init v. 18.5-45-g3554ffe8-0ubuntu1~16.04.1 running 'modules:final' at Sat, 11 May 2019 11:56:50 +0000. Up 59.75 seconds.
[   60.197078] cloud-init[1366]: Cloud-init v. 18.5-45-g3554ffe8-0ubuntu1~16.04.1 finished at Sat, 11 May 2019 11:56:50 +0000. Datasource DataSourceNoCloud [seed=/dev/sdb][dsmode=net].  Up 60.13 seconds
[[0;32m  OK  [0m] Stopped target Cloud-init target.
         Stopping Authenticate and Authorize Users to Run Privileged Tasks...
         Stopping User Manager for UID 1000...
         Stopping ACPI event daemon...
[[0;32m  OK  [0m] Stopped target Graphical Interface.
         Stopping Accounts Service...
         Stopping Session 6 of user vagrant.
[[0;32m  OK  [0m] Stopped Execute cloud user/final scripts.
[[0;32m  OK  [0m] Stopped Apply the settings specified in cloud-config.
[[0;32m  OK  [0m] Stopped target Cloud-config availability.
[[0;32m  OK  [0m] Stopped target Multi-User System.
         Stopping LSB: daemon to balance interrupts for SMP systems...
         Stopping OpenBSD Secure Shell server...
[[0;32m  OK  [0m] Stopped target Login Prompts.
         Stopping Serial Getty on ttyS0...
         Stopping Getty on tty1...
         Stopping LSB: Record successful boot for GRUB...
         Stopping LSB: Set the CPU Frequency Scaling governor to "ondemand"...
[[0;32m  OK  [0m] Stopped Wait until snapd is fully seeded.
         Stopping Deferred execution scheduler...
         Stopping Unattended Upgrades Shutdown...
         Stopping Virtualbox guest utils...
         Stopping FUSE filesystem for LXC...
         Stopping D-Bus System Message Bus...
[[0;32m  OK  [0m] Closed Load/Save RF Kill Switch Status /dev/rfkill Watch.
         Stopping Regular background program processing daemon...
         Stopping LXD - container startup/shutdown...
[[0;32m  OK  [0m] Stopped target Timers.
[[0;32m  OK  [0m] Stopped Daily Cleanup of Temporary Directories.
[[0;32m  OK  [0m] Stopped Daily apt upgrade and clean activities.
[[0;32m  OK  [0m] Stopped Daily apt download activities.
[[0;32m  OK  [0m] Stopped target System Time Synchronized.
         Stopping LSB: MD monitoring daemon...
         Stopping System Logging Service...
         Stopping MySQL Community Server...
         Stopping LSB: automatic crash report generation...
[[0;32m  OK  [0m] Unmounted /var/lib/lxcfs.
[[0;32m  OK  [0m] Stopped Accounts Service.
[[0;32m  OK  [0m] Stopped Regular background program processing daemon.
[[0;32m  OK  [0m] Stopped System Logging Service.
[[0;32m  OK  [0m] Stopped Deferred execution scheduler.
[[0;32m  OK  [0m] Stopped ACPI event daemon.
[[0;32m  OK  [0m] Stopped Authenticate and Authorize Users to Run Privileged Tasks.
[[0;32m  OK  [0m] Stopped Unattended Upgrades Shutdown.
[[0;32m  OK  [0m] Stopped OpenBSD Secure Shell server.
[[0;32m  OK  [0m] Stopped Getty on tty1.
[[0;32m  OK  [0m] Stopped Serial Getty on ttyS0.
[[0;32m  OK  [0m] Stopped User Manager for UID 1000.
[[0;32m  OK  [0m] Stopped Session 6 of user vagrant.
[[0;32m  OK  [0m] Stopped D-Bus System Message Bus.
[[0;32m  OK  [0m] Stopped FUSE filesystem for LXC.
[[0;32m  OK  [0m] Stopped LSB: Set the CPU Frequency Scaling governor to "ondemand".
[[0;32m  OK  [0m] Stopped LSB: Record successful boot for GRUB.
[[0;32m  OK  [0m] Stopped LSB: MD monitoring daemon.
[[0;32m  OK  [0m] Stopped LSB: daemon to balance interrupts for SMP systems.
[[0;32m  OK  [0m] Stopped Virtualbox guest utils.
[[0;32m  OK  [0m] Stopped LXD - container startup/shutdown.
[[0;32m  OK  [0m] Stopped LSB: automatic crash report generation.
[[0;32m  OK  [0m] Removed slice User Slice of vagrant.
[[0;32m  OK  [0m] Removed slice system-serial\x2dgetty.slice.
         Stopping Permit User Sessions...
[[0;32m  OK  [0m] Removed slice system-getty.slice.
[[0;32m  OK  [0m] Stopped /etc/rc.local Compatibility.
         Stopping Login Service...
[[0;32m  OK  [0m] Stopped Permit User Sessions.
[[0;32m  OK  [0m] Stopped target Remote File Systems.
[[0;32m  OK  [0m] Stopped target Remote File Systems (Pre).
         Stopping Login to default iSCSI targets...
[[0;32m  OK  [0m] Stopped Login Service.
[[0;32m  OK  [0m] Stopped target User and Group Name Lookups.
[[0;32m  OK  [0m] Stopped Login to default iSCSI targets.
         Stopping iSCSI initiator daemon (iscsid)...
[[0;32m  OK  [0m] Stopped iSCSI initiator daemon (iscsid).
[[0;32m  OK  [0m] Stopped target Network is Online.
[[0;32m  OK  [0m] Stopped MySQL Community Server.
[[0;32m  OK  [0m] Stopped target Network.
[[0;32m  OK  [0m] Stopped target Basic System.
[[0;32m  OK  [0m] Stopped target Slices.
[[0;32m  OK  [0m] Removed slice User and Session Slice.
[[0;32m  OK  [0m] Stopped target Paths.
[[0;32m  OK  [0m] Stopped Dispatch Password Requests to Console Directory Watch.
[[0;32m  OK  [0m] Stopped ACPI Events Check.
[[0;32m  OK  [0m] Stopped Forward Password Requests to Wall Directory Watch.
[[0;32m  OK  [0m] Stopped target Sockets.
[[0;32m  OK  [0m] Closed UUID daemon activation socket.
[[0;32m  OK  [0m] Closed LXD - unix socket.
[[0;32m  OK  [0m] Closed Socket activation for snappy daemon.
[[0;32m  OK  [0m] Closed D-Bus System Message Bus Socket.
[[0;32m  OK  [0m] Closed Syslog Socket.
[[0;32m  OK  [0m] Closed ACPID Listen Socket.
[[0;32m  OK  [0m] Stopped target System Initialization.
         Stopping Load/Save Random Seed...
[[0;32m  OK  [0m] Stopped Initial cloud-init job (metadata service crawler).
         Stopping Raise network interfaces...
[[0;32m  OK  [0m] Stopped target Encrypted Volumes.
[[0;32m  OK  [0m] Stopped target Swap.
[[0;32m  OK  [0m] Stopped Create Volatile Files and Directories.
[[0;32m  OK  [0m] Stopped Load/Save Random Seed.
[[0;32m  OK  [0m] Stopped Raise network interfaces.
[[0;32m  OK  [0m] Stopped target Local File Systems.
         Unmounting /vagrant...
         Unmounting /run/user/1000...
[[0;32m  OK  [0m] Stopped Apply Kernel Variables.
[[0;32m  OK  [0m] Stopped Load Kernel Modules.
[[0;32m  OK  [0m] Stopped target Network (Pre).
[[0;32m  OK  [0m] Stopped Initial cloud-init job (pre-networking).
[[0;32m  OK  [0m] Unmounted /vagrant.
[[0;32m  OK  [0m] Unmounted /run/user/1000.
[[0;32m  OK  [0m] Reached target Unmount All Filesystems.
[[0;32m  OK  [0m] Stopped target Local File Systems (Pre).
[[0;32m  OK  [0m] Stopped Create Static Device Nodes in /dev.
[[0;32m  OK  [0m] Stopped Remount Root and Kernel File Systems.
[[0;32m  OK  [0m] Reached target Shutdown.
[11973.398690] reboot: Power down
