[   0.0000] Initliingcgroup subsy cpuset
[    0.000000] Initializing cgroup subsys cpu
[    0.000000] Initializincgrou subsys cpuacct
[  0.0000 Linux version 4.4.0-143-generic (buildd@lgw01-amd64-041) (gcc version 5.4.0 20160609 (Ubuntu 5.4.0-6ubuntu1~16.04.10) ) #169-Ubuntu SMP Thu Feb 7 07:56:38 UTC 2019 (Ubuntu 4.4.0-143.169-generic.4170)
   0.0000]Comma lineBOOT_IMAGE=/boot/vmlinuz-4.4.0-143-generic root=LABEL=cloudimg-rootfs ro console=tty1 console=ttyS0
[    0.000000] KERNEL supported cpus:
[    0.000000]   Intel GenuineIntel
[    0.000000]   AMD AuthenticAMD
[    0.000000]   Centaur CentaurHauls
[    0.000000] x86/fpu: xstate_offset[2]:  576, xstate_sizes[2]:  256
[    0.000000] x86/fpu: Supporting XSAVE feature 0x01: 'x87 floating point registers'
[    0.000000] x86/fpu: Supporting XSAVE feature 0x02: 'SSE regisrs'[    0.000000] x86/fpu: Supporting XSAVE feature 0x04: 'AVX registers'
[    0.000000] x86/fpu: Enabled xstate feaures 0x7, context size is 832 bytes, using 'standard' format.
[    0.000000] e820: BIOS-provided physical RAM map:
[    0.000000] BIOS-e820: [mem 0x00000000000000000x000000000009fbff] usable
[    0.000000] BIOS-e820: [mem 0x000000000009fc00-0x000000000009ffff] reserved
[    0.000000] BIOS-e820: [mem 0x00000000000f0000-0x00000000000fffff] reserved
[    0.000000] BIOS-e820: [mem 0x0000000000100000-0x000000003ffeffff] usable
[   0.000000] BIOS-e820: [mem 0x000000003fff0000-0x000000003fffffff] ACPI data
[    0.000000] BIOS-e820: [mem 0x00000000fec00000-0x00000000fec00fff] reserved
[    0.000000] BIOS-e820: [mem 0x00000000fee00000-0x00000000fee00fff] reserved
[    0.000000] BIOS-e820: [mem 0x00000000fffc0000-0x00000000ffffffff] reserved
[    0.000000] NX (Execute Disable) protection: active
[    0.000000] SMBIOS 2.5 present.
[    0.000000] Hypervisor detected: KVM
[    0.000000] e820: last_pfn = 0x3fff0 max_arch_pfn = 0x400000000
[    0.000000] MTRR: Disabled
[    0.000000] x86/PAT: MTRRs disabled, skipping PAT initialization too.
[    0.000000] CPU MTRRs all blank - virtualized system.
[    0.000000] x86/PAT: Configuration [0-7]: WB  WT  UC- UC  WB  WT  UC- UC  
[   0.000000] found SMP MP-table at [mem 0x0009fff0-0x0009ffff] mapped at [ffff88000009fff0]
[    0.000000] Scanning 1 areas for low memory corruption
[    0.000000] RAMDISK: [mem 0x36300000-0x37177fff]
[    0.000000] ACPI: Early table checksum verification disabled
[    0.000000] ACPI: RSDP 0x0000000000E0000 000024 (v02 VBOX  )
[    0.000000] ACPI: XSDT 0x000000003FFF0030 00003C (v01 VBOX   VBOXXSDT 00000001 ASL  00000061)
[    0.000000] ACPI: FACP 0x000000003FFF00F0 0000F4 (v04 VBOOX   VBOXFACP 00000001 ASL  00000061)
[    0.000000] ACPI: DSDT 0x000000003FFF0470 0021FF (v02 VBOX   VBOXBIOS 00000002 INTL 20100528)
[    0.00000] ACP: FACS0x000000003FFF0200 000040
[    0.000000] API: FACS 0x000000003FFF0200 000040
[    0.000000] ACPI: APIC 0x000000003FFF040 00005C (v02 VBO   VBOXAPIC 00000001 ASL  00000061)
[    0.000000] ACPI: SSDT 0x000000003FFF02A0 0001CC (v01 VBOX   VBOXCPT 00000002 INTL 20100528)
[    0.000000] No NUMA configuration found
[    0.00000] aking a node at [mem 0x0000000000000000-0x00000000ffeffff]
[   0.000000] NODE_DATA(0) allocated [mem 0x3ffeb000-0x3ffeffff]
[    0.000000]kvm-clock: Using msrs 4b564d01 and 4b564d00
[    0.000000]kvm-cloc: cpu 0, msr 0:3ffe3001, primary cpu clock
[   .00000] kvmcloc: usng sched offset of 3699848094 cycles
[    0.000000] clocksource: kvm-clock: mask: 0xffffffffffffffff max_cycles: 0x1cd42e4dffb, max_idle_ns: 88159059483 ns
[    0.000000] Zone ranges:
[    0.000000]   DMA      [mem 0x0000000000001000-0x0000000000ffffff]
[    0.000000]   DMA32    [mem 0x0000000001000000-0x000000003ffeffff]
[    0.000000]   Normal   empty
[    0.000000]   Device   empty
[   0.000000 Movble one startfor ech nod
[   000000] Early memory node ranges
[   0.00000]   node   0: [mem 0x000000000001000-0x000000000009efff]
[   0.000000]   node   0: [mem 0x0000000000100000-0x000000003ffeffff]
[   0.00000 Initmem setup node 0 [mem 0x0000000000001000-0x000000003ffeffff]
[    0.000000] ACPI: PM-Timer IO Port: 0x4008
[    0.000000] IOAPIC[0]: apic_id 2, version 32, address 0xfec00000, GSI 0-23
[    0.000000] ACPI: INT_SRC_OVR (bus 0 bus_irq 0 global_irq 2 dfl dfl)
[    0.000000] ACPI: INT_SRC_OVR (bus 0 bus_irq 9 global_irq 9 low level)
[    0.000000] Using ACPI (MADT) for SMP configuration informtion
[    0.000000] smpbot: lloing 2 CPUs 0 hotplu CPUs
[    0.000000] PM: Regiterednosave memor: [mem0x00000000-0x00000fff]
[  0.000000] PM: Registered nosave memory: [mem 0x0009f000-0x0009ffff]
[    0.000000] PM: Registered nosave memory: [mem 0x000a0000-0x000effff]
[    0.000000] PM: Registered nosave memory: [mem 0x000f000-0x000fffff]
[   0.00000] e820: [em 0x4000000-0xfebfffff] available for PCI devices
[  0.000000] Booting paravirtualized kernel on KVM
[    0.000000] clocksource: refined-jiffies: mask: 0xffffffff max_cycles: 0xffffffff, max_idle_ns: 7645519600211568 ns
[    0.000000] setup_percpu: NR_CPUS:512 nr_cpumask_bits:512 nr_cpu_ids:2 nr_node_ids:1
[    0.000000] PERCPU: Embedded 34 pages/cpu @ffff88003fc00000 s99480 r8192 d31592 u1048576
[    0.000000] Built 1 zonelists in Node order, mobility grouping on.  Total pages: 257912
[    0.000000] Policy zone: DMA32
[    0.000000] Kernel command line: BOOT_IMAGE=/boot/vmlinuz-4.4.0-143-generic root=LABEL=cloudimg-rootfs ro console=tty1 console=ttyS0
[    0.000000] PID hash table entries: 4096 (order: 3, 32768 bytes)
    0.000000] Memory: 997716K/1048120K available (8608K kernel code, 1332K rwdata, 4008K rodata, 1484K init, 1316K bss, 50404K reserved, 0K cma-reserved)
[    0.000000] SLUB: HWalign=64, Order=0-3, MinObjects=0, CPUs=2, Nodes=1
[    0.000000] Kernel/User page tables isolation: enabled
[   0.000000] Hierarchical RCU implementation.
[    0.000000] 	Build-time adjustment of leaf fanout to 64.
[    0.000000] 	RCU restricting CPUs from NR_CPUS=512 to nr_cpu_ids=2.
[    0.000000] RCU: Adjusting geometry for rcu_fanout_leaf=64, nr_cpu_ids=2
[    0.000000] NR_IRQS:33024 nr_irqs:440 16
[    0.000000] Console: colour VGA+ 80x25
[    0.000000] console [tty1] enabled
[    0.000000] console [ttyS0] enabled
[    0.000000] tsc: Detected 2807.996 MHz processor
[    4.303928] Calibrating delay loop (skipped) preset value.. 5615.99 BogoMIPS (lpj=11231984)
[    4.306898] pid_max: default: 32768 minimum: 301
[    4.308552] ACPI: Core revision 20150930
[    4.312268] ACPI: 2 ACPI AML tables successfully acquired and loaded
[    4.335783] Security Framework initialized
[    4.338700] Yama: becoming mindful.
[    4.340999] AppArmor: AppArmor initialized
[    4.345858] Dentry cache hash table entries: 131072 (order: 8, 1048576 bytes)
[    4.371153] Inode-cache hash table entries: 65536 (order: 7, 524288 bytes)
[    4.375121] Mount-cache hash table entries: 2048 (order: 2, 16384 bytes)
[    4.411456] Mountpoint-cache hash table entries: 2048 (order: 2, 16384 bytes)
[    4.510007] Initializing cgroup subsys io
[    4.527159] Initializing cgroup subsys memory
[    4.560279] Initializing cgroup subsys devices
[    4.577062] Initializing cgroup subsys freezer
[    4.600354] Initializing cgroup subsys net_cls
[    4.628446] Initializing cgroup subsys perf_event
[    4.635300] Initializing cgroup subsys net_prio
[    4.654303] Initializing cgroup subsys hugetlb
[    4.688211] Initializing cgroup subsys pids
[    4.699973] mce: CPU supports 0 MCE banks
[    4.724707] Last level iTLB entries: 4KB 64, 2MB 8, 4MB 8
[    4.759880] Last level dTLB entries: 4KB 64, 2MB 0, 4MB 0, 1GB 4
[    4.784879] Spectre V2 : Mitigation: Full generic retpoline
[    4.821176] Spectre V2 : Spectre v2 / SpectreRSB mitigation: Filling RSB on context switch
[    4.861567] Speculative Store Bypass: Vulnerable
[    4.890466] Freeing SMP alternatives memory: 32K
[    4.932381] ftrace: allocating 32278 entries in 127 pages
[    5.074720] smpboot: APIC(0) Converting physical 0 to logical package 0
[    5.087225] smpboot: Max logical packages: 1
[    5.089092] x2apic enabled
[    5.091503] Switched APIC routing to physical x2apic.
[    5.097901] ..TIMER: vector=0x30 apic1=0 pin1=2 apic2=-1 pin2=-1
[    5.218880] smpboot: CPU0: Intel(R) Core(TM) i7-7700HQ CPU @ 2.80GHz (family: 0x6, model: 0x9e, stepping: 0x9)
[    5.232929] Performance Events: unsupported p6 CPU model 158 no PMU driver, software events only.
[    5.261059] KVM setup paravirtual spinlock
[    5.273683] x86: Booting SMP configuration:
[    5.275706] .... node  #0, CPUs:      #1
[    5.277962] kvm-clock: cpu 1, msr 0:3ffe3041, secondary cpu clock
[    5.282032] mce: CPU supports 0 MCE banks
[    5.297491] x86: Booted up 1 node, 2 CPUs
[    5.308219] smpboot: Total of 2 processors activated (11231.98 BogoMIPS)
[    5.316400] devtmpfs: initialized
[    5.325215] evm: security.selinux
[    5.347502] evm: security.SMACK64
[    5.393290] evm: security.SMACK64EXEC
[    5.421835] evm: security.SMACK64TRANSMUTE
[    5.430827] evm: security.SMACK64MMAP
[    5.439221] evm: security.ima
[    5.441331] evm: security.capability
[    5.444900] clocksource: jiffies: mask: 0xffffffff max_cycles: 0xffffffff, max_idle_ns: 7645041785100000 ns
[    5.451618] futex hash table entries: 512 (order: 3, 32768 bytes)
[    5.454995] pinctrl core: initialized pinctrl subsystem
[    5.460668] RTC time: 13:31:53, date: 04/29/19
[    5.464660] NET: Registered protocol family 16
[    5.479375] cpuidle: using governor ladder
[    5.492103] cpuidle: using governor menu
[    5.496151] PCCT header not found.
[    5.510403] ACPI: bus type PCI registered
[    5.517055] acpiphp: ACPI Hot Plug PCI Controller Driver version: 0.5
[    5.525738] PCI: Using configuration type 1 for base access
[    5.539478] ACPI: Added _OSI(Module Device)
[    5.541366] ACPI: Added _OSI(Processor Device)
[    5.549034] ACPI: Added _OSI(3.0 _SCP Extensions)
[    5.551263] ACPI: Added _OSI(Processor Aggregator Device)
[    5.564882] ACPI: Executed 1 blocks of module-level executable AML code
[    5.572983] ACPI: Interpreter enabled
[    5.574424] ACPI: (supports S0 S5)
[    5.577813] ACPI: Using IOAPIC for interrupt routing
[    5.599727] PCI: Using host bridge windows from ACPI; if necessary, use "pci=nocrs" and report a bug
[    5.610456] ACPI: PCI Root Bridge [PCI0] (domain 0000 [bus 00-ff])
[    5.612937] acpi PNP0A03:00: _OSC: OS supports [ASPM ClockPM Segments MSI]
[    5.620671] acpi PNP0A03:00: _OSC: not requesting OS control; OS requires [ExtendedConfig ASPM ClockPM MSI]
[    5.623998] acpi PNP0A03:00: fail to add MMCONFIG information, can't access extended PCI configuration space under this bridge.
[    5.635900] PCI host bridge to bus 0000:00
[    5.638056] pci_bus 0000:00: root bus resource [io  0x0000-0x0cf7 window]
[    5.640861] pci_bus 0000:00: root bus resource [io  0x0d00-0xffff window]
[    5.644710] pci_bus 0000:00: root bus resource [mem 0x000a0000-0x000bffff window]
[    5.653183] pci_bus 0000:00: root bus resource [mem 0x40000000-0xfdffffff window]
[    5.655934] pci_bus 0000:00: root bus resource [bus 00-ff]
[    5.662302] pci 0000:00:01.1: legacy IDE quirk: reg 0x10: [io  0x01f0-0x01f7]
[    5.665965] pci 0000:00:01.1: legacy IDE quirk: reg 0x14: [io  0x03f6]
[    5.668074] pci 0000:00:01.1: legacy IDE quirk: reg 0x18: [io  0x0170-0x0177]
[    5.683087] pci 0000:00:01.1: legacy IDE quirk: reg 0x1c: [io  0x0376]
[    5.712956] pci 0000:00:07.0: quirk: [io  0x4000-0x403f] claimed by PIIX4 ACPI
[    5.715635] pci 0000:00:07.0: quirk: [io  0x4100-0x410f] claimed by PIIX4 SMB
[    5.749227] ACPI: PCI Interrupt Link [LNKA] (IRQs 5 9 10 *11)
[    5.759904] ACPI: PCI Interrupt Link [LNKB] (IRQs 5 9 *10 11)
[    5.762331] ACPI: PCI Interrupt Link [LNKC] (IRQs 5 *9 10 11)
[    5.764793] ACPI: PCI Interrupt Link [LNKD] (IRQs 5 9 10 *11)
[    5.767191] ACPI: Enabled 2 GPEs in block 00 to 07
[    5.769096] vgaarb: setting as boot device: PCI:0000:00:02.0
[    5.770800] vgaarb: device added: PCI:0000:00:02.0,decodes=io+mem,owns=io+mem,locks=none
[    5.783777] vgaarb: loaded
[    5.785033] vgaarb: bridge control possible 0000:00:02.0
[    5.787159] SCSI subsystem initialized
[    5.788905] ACPI: bus type USB registered
[    5.790864] usbcore: registered new interface driver usbfs
[    5.793052] usbcore: registered new interface driver hub
[    5.814061] usbcore: registered new device driver usb
[    5.820941] PCI: Using ACPI for IRQ routing
[    5.822721] NetLabel: Initializing
[    5.823983] NetLabel:  domain hash size = 128
[    5.826102] NetLabel:  protocols = UNLABELED CIPSOv4
[    5.834614] NetLabel:  unlabeled traffic allowed by default
[    5.843701] amd_nb: Cannot enumerate AMD northbridges
[    5.865828] clocksource: Switched to clocksource kvm-clock
[    5.906472] AppArmor: AppArmor Filesystem Enabled
[    5.908457] pnp: PnP ACPI init
[  5.911471] pnp: PnP ACPI: found 3 device

[  6.061295] clocksource: acpi_pm: mask: 0xffffff max_cycles: 0xffffff, max_idle_ns: 2085701024 ns
[    6.127049] NET: Registered protocol family 2

[    6.128809] TCP established hash table entries: 8192 (order: 4, 65536 bytes)
[    6.145384] TCP bind hash table entries: 8192 (order: 5,131072 bytes)
[    6.178893] TCP: Hash tables configured (established 8192 bind 8192)
[    6.181471] UDP hash table entries: 512 (de: 2, 16384 bytes)
[    6.291669] UDP-Lite hash table entries: 512 (order: 2, 16384 bytes)
[    6.294079] NET: Registered protocol family 1
[    6.295630] pci 0000:00:00.0: Limiting direct PCI/PCI transfers
[    6.297916] pci 0000:00:01.0: Activating ISA DMA hang workarounds
[    6.300635]npcking initramfs...

[    6.933995] Freeing initrd memory: 14816K
[    6.948449] platform rtc_cmos: registered platform RTC device (no PNP device found)
[    6.953536] Scanning for low memory corruption every 60 seconds
[    6.960310] audit: initializing netlink subsys (disabled)
[    6.986124] audit: type=2000 audit(1556544714.255:1): initialized
[    7.012120] Initialise system trusted keyring
[    7.045427] HugeTLB registered 2 MB page size, pre-allocated 0 pages
[    7.060276] zbud: loaded
[    7.077580] VFS: Disk quotas dquot_6.6.0
[    7.088365] VFS: Dquot-cache hash table entries: 512 (order 0, 4096 bytes)
[    7.093183] squashfs: version 4.0 (2009/01/31) Phillip Lougher
[    7.09753 fse ini(A verio7.2)
[    7.685953] Key type big_key registered
[    7.703487] Allocating IMA MOK and blacklist keyrings.
[    7.709405] Key type asymmetric registered
[    7.713974] Asymmetric key parser 'x509' registered
[    7.717631] Block layer SCSI generic (bsg) driver version 0.4 loaded (major 249)
[    7.733326] io scheduler noop registered
[    7.735796] io scheduler deadline registered (default)
[    7.738753] io scheduler cfq registered
[    7.741407] pci_hotplug: PCI Hot Plug PCI Core version: 0.5
[    7.773435] pciehp: PCI Express Hot Plug Controller Driver version: 0.4
[    7.800230] ACPI: AC Adapter [AC] (off-line)
[    7.837069] input: Power Button as /devices/LNXSYSTM:00/LNXPWRBN:00/input/input0
[    7.878611] ACPI: Power Button [PWRF]
[    7.882279] input: Sleep Button as /devices/LNXSYSTM:00/LNXSLPBN:00/input/input1
[    7.895694] ACPI: Sleep Button [SLPF]
[    7.900159] ACPI: Battery Slot [BAT0] (battery present)
[    7.903548] GHES: HEST is not enabled!
[    7.908289] Serial: 8250/16550 driver, 32 ports, IRQ sharing enabled
[    7.946773] tc:Reind SCclcksource calibrati: 80.51 Hz

[    7.964208] 00:02: ttyS0 at I/O 0x3f8 (irq = 4, base_baud = 115200) is a 16550A
[    8.603001] Linux agpgart interface v0.103
[    8.615028] loop: module loaded
[    8.618111] scsi host0: ata_piix
[    8.618187] scsi host1: ata_piix
[    8.618225] ata1: PATA max UDMA/33 cmd 0x1f0 ctl 0x3f6 bmdma 0xd000 irq 14
[    8.618226] ata2: PATA max UDMA/33 cmd 0x170 ctl 0x376 bmdma 0xd008 irq 15
[    8.618314] libphy: Fixed MDIO Bus: probed
[    8.618316] tun: Universal TUN/TAP device driver, 1.6
[    8.618317] tun: (C) 1999-2004 Max Krasnyansky <maxk@qualcomm.com>
[    8.618714] PPP generic driver version 2.4.2
[    8.618774] ehci_hcd: USB 2.0 'Enhanced' Host Controller (EHCI) Driver
[    8.618778] ehci-pci: EHCI PCI platform driver
[    8.618788] ehci-platform: EHCI generic platform driver
[    8.618796] ohci_hcd: USB 1.1 'Open' Host Controller (OHCI) Driver
[    8.618799] ohci-pci: OHCI PCI platform driver
[    8.618810] ohci-platform: OHCI generic platform driver
[    8.618818] uhci_hcd: USB Universal Host Controller Interface driver
[    8.618873] i8042: PNP: PS/2 Controller [PNP0303:PS2K,PNP0f03:PS2M] at 0x60,0x64 irq 1,12
[    8.619740] serio: i8042 KBD port at 0x60,0x64 irq 1
[    8.619744] serio: i8042 AUX port at 0x60,0x64 irq 12
[    8.619856] mousedev: PS/2 mouse device common for all mice
[    8.620248] rtc_cmos rtc_cmos: rtc core: registered rtc_cmos as rtc0
[    8.620359] rtc_cmos rtc_cmos: alarms up to one day, 114 bytes nvram
[    8.620370] i2c /dev entries driver
[    8.620429] device-mapper: uevent: version 1.0.3
[    8.620499] device-mapper: ioctl: 4.34.0-ioctl (2015-10-28) initialised: dm-devel@redhat.com
[    8.620524] ledtrig-cpu: registered to indicate activity on CPUs
[    8.620894] NET: Registered protocol family 10
[    8.621081] NET: Registered protocol family 17
[    8.621097] Key type dns_resolver registered
[    8.621357] registered taskstats version 1
[    8.621371] Loading compiled-in X.509 certificates
[    8.622179] Loaded X.509 cert 'Build time autogenerated kernel key: d03773f65dd2b75b701d4dd50cb1e8d0c07b3b6e'
[    8.622203] zswap: loaded using pool lzo/zbud
[    8.623961] Key type trusted registered
[    8.627116] Key type encrypted registered
[    8.627126] AppArmor: AppArmor sha1 policy hashing enabled
[    8.627130] ima: No TPM chip found, activating TPM-bypass!
[    8.627137] ima: Allocated hash algorithm: sha1
[    8.627151] evm: HMAC attrs: 0x1
[    8.627577]   Magic number: 15:24:535
[    8.627587] tty ttyS15: hash matches
[    8.628537] rtc_cmos rtc_cmos: setting system clock to 2019-04-29 13:31:56 UTC (1556544716)
[    8.628656] BIOS EDD facility v0.16 2004-Jun-25, 0 devices found
[    8.628656] EDD information not available.
[    8.632161] input: AT Translated Set 2 keyboard as /devices/platform/i8042/serio0/input/input2
[    9.259815] clocksource: tsc: mask: 0xffffffffffffffff max_cycles: 0x287827a258d, max_idle_ns: 440795330554 ns
[    9.335804] Freeing unused kernel memory: 1484K
[    9.378445] Write protecting the kernel read-only data: 14336k
[    9.393735] Freeing unused kernel memory: 1620K
[    9.397346] Freeing unused kernel memory: 88K
Loading, please wait...
starting version[    9.433507] random: systemd-udevd: uninitialized urandom read (16 bytes read, 5 bits of entropy available)
 229
[    9.435115] random: udevadm: uninitialized urandom read (16 bytes read, 5 bits of entropy available)
[    9.435155] random: udevadm: uninitialized urandom read (16 bytes read, 5 bits of entropy available)
[    9.454633] random: udevadm: uninitialized urandom read (16 bytes read, 5 bits of entropy available)
[    9.454719] random: udevadm: uninitialized urandom read (16 bytes read, 5 bits of entropy available)
[    9.455068] random: udevadm: uninitialized urandom read (16 bytes read, 5 bits of entropy available)
[    9.455177] random: udevadm: uninitialized urandom read (16 bytes read, 5 bits of entropy available)
[    9.455287] random: udevadm: uninitialized urandom read (16 bytes read, 5 bits of entropy available)
[    9.455395] random: udevadm: uninitialized urandom read (16 bytes read, 5 bits of entropy available)
[    9.455535] random: udevadm: uninitialized urandom read (16 bytes read, 5 bits of entropy available)
[    9.743240] e1000: Intel(R) PRO/1000 Network Driver - version 7.3.21-k8-NAPI
[    9.747702] e1000: Copyright (c) 1999-2006 Intel Corporation.
[    9.751524] Fusion MPT base driver 3.04.20
[    9.753257] Copyright (c) 1999-2008 LSI Corporation
[    9.772452] Fusion MPT SPI Host driver 3.04.20
[    9.797939] AVX2 version of gcm_enc/dec engaged.
[    9.803242] AES CTR mode by8 optimization enabled
[   10.005025] input: ImExPS/2 Generic Explorer Mouse as /devices/platform/i8042/serio1/input/input4
[   10.270084] e1000 0000:00:03.0 eth0: (PCI:33MHz:32-bit) 02:0a:56:fb:b9:09
[   10.375187] e1000 0000:00:03.0 eth0: Intel(R) PRO/1000 Network Connection
[   10.397212] e1000 0000:00:03.0 enp0s3: renamed from eth0
[   10.438036] mptbase: ioc0: Initiating bringup
[   10.814751] ioc0: LSI53C1030 A0: Capabilities={Initiator}
[   11.926466] scsi host2: ioc0: LSI53C1030 A0, FwRev=00000000h, Ports=1, MaxQ=256, IRQ=20
[   12.806603] scsi 2:0:0:0: Direct-Access     VBOX     HARDDISK         1.0  PQ: 0 ANSI: 5
[   12.885336] scsi target2:0:0: Beginning Domain Validation
[   12.915946] scsi target2:0:0: Domain Validation skipping write tests
[   12.919158] scsi target2:0:0: Ending Domain Validation
[   12.922003] scsi target2:0:0: asynchronous
[   12.952847] scsi 2:0:1:0: Direct-Access     VBOX     HARDDISK         1.0  PQ: 0 ANSI: 5
[   12.998003] scsi target2:0:1: Beginning Domain Validation
[   13.004023] scsi target2:0:1: Domain Validation skipping write tests
[   13.006364] scsi target2:0:1: Ending Domain Validation
[   13.008500] scsi target2:0:1: asynchronous
[   13.023716] sd 2:0:0:0: Attached scsi generic sg0 type 0
[   13.064412] sd 2:0:0:0: [sda] 20971520 512-byte logical blocks: (10.7 GB/10.0 GiB)
[   13.090573] sd 2:0:0:0: [sda] Write Protect is off
[   13.097473] sd 2:0:1:0: [sdb] 20480 512-byte logical blocks: (10.5 MB/10.0 MiB)
[   13.097474] sd 2:0:1:0: Attached scsi generic sg1 type 0
[   13.106763] sd 2:0:0:0: [sda] Incomplete mode parameter data
[   13.106765] sd 2:0:0:0: [sda] Assuming drive cache: write through
[   13.108124]  sda: sda1
[   13.108979] sd 2:0:0:0: [sda] Attached SCSI disk
[   13.202944] sd 2:0:1:0: [sdb] Write Protect is off
[   13.231725] sd 2:0:1:0: [sdb] Incomplete mode parameter data
[   13.278090] sd 2:0:1:0: [sdb] Assuming drive cache: write through
[   13.311689] sd 2:0:1:0: [sdb] Attached SCSI disk
Begin: Loading e[   15.362120] md: linear personality registered for level -1
ssential drivers ... [   15.411228] md: multipath personality registered for level -4
[   15.470278] md: raid0 personality registered for level 0
[   15.495670] md: raid1 personality registered for level 1
[   15.585902] raid6: sse2x1   gen()  4290 MB/s
[   15.690378] raid6: sse2x1   xor()  3679 MB/s
[   15.810424] raid6: sse2x2   gen()  5773 MB/s
[   15.878713] raid6: sse2x2   xor()  4056 MB/s
[   15.973888] raid6: sse2x4   gen()  5807 MB/s
[   16.041866] raid6: sse2x4   xor()  5543 MB/s
[   16.126656] raid6: avx2x1   gen()  9905 MB/s
[   16.258457] raid6: avx2x2   gen()  9938 MB/s
[   16.354018] raid6: avx2x4   gen() 12648 MB/s
[   16.397590] raid6: using algorithm avx2x4 gen() 12648 MB/s
[   16.406123] raid6: using avx2x2 recovery algorithm
[   16.431393] xor: automatically using best checksumming function:
[   16.497996]    avx       : 16289.000 MB/sec
[   16.520950] async_tx: api initialized (async)
[   16.574083] md: raid6 personality registered for level 6
[   16.631613] md: raid5 personality registered for level 5
[   16.716420] md: raid4 personality registered for level 4
[   16.798812] md: raid10 personality registered for level 10
done.
Begin: Running /scripts/init-premount ... done.
Begin: Mounting root file system ... Begin: Running /scripts/local-top ... done.
Begin: Running /scripts/local-premount ... [   16.903034] Btrfs loaded
Scanning for Btrfs filesystems
done.
Warning: fsck not present, so sk[   16.975022] EXT4-fs (sda1): mounted filesystem with ordered data mode. Opts: (null)
ipping root file system
done.
Begin: Running /scripts/local-bottom ... done.
Begin: Running /scripts/init-bottom ... done.
[   17.204630] systemd[1]: systemd 229 running in system mode. (+PAM +AUDIT +SELINUX +IMA +APPARMOR +SMACK +SYSVINIT +UTMP +LIBCRYPTSETUP +GCRYPT +GNUTLS +ACL +XZ -LZ4 +SECCOMP +BLKID +ELFUTILS +KMOD -IDN)
[   17.285340] systemd[1]: Detected virtualization oracle.
[   17.308044] systemd[1]: Detected architecture x86-64.

Welcome to [1mUbuntu 16.04.6 LTS[0m!

[  1.579785] systemd[1]: Set hostname to <ubuntu-xenial>.

[   17.932690] systemd[1]: Created slice Systm lie.
[[0;32m  OK  [0m] Created slice System Slice.
[   18.155807] random: nonblocking pool is initialized
[   18.170891] systemd[1]: Listening on /dev/initctl Compatibility Named Pipe.
[[0;32m  OK  [0m] Listening on /dev/initctl Compatibility Named Pipe.
[   18.194169] systemd[1]: Reached target Swap.
[[0;32m  OK  [0m] Reached target Swap.
[   18.235772] systmd1] Ceaedlice Use a SssonSlce
[[0;32m  OK  [0m] Created slice User and Session Slice.
[   18.9224] ysemd[1]: Started Trigger resolvconf update for networkd DNS.
[[0;32m  OK  [0m] Started Trigger resolvconf update for networkd DNS.
[   19.299472] systemd[1]: Listening on Journal Socket.
[[0;32m  OK  [0m] Listening on Journal Socket.
[   19.326243] systemd[1]: Starting Create list of required static device nodes for the current kernel...
         Starting Create list of required st... nodes for the current kernel...
[   19.514726] systemd[1]: Starting Remount Root and Kernel File Systems...
         Starting Remount[   19.568776] EXT4-fs (sda1): re-mounted. Opts: (null)
 Root and Kernel File Systems...
[   19.623131] systemd[1]: Listening on udev Kernel Socket.
[[0;32m  OK  [0m] Listening on udev Kernel Socket.
[ 19.6467]sytemd[1: etupautoun Arbitrary Executable File Formats File System Automount Point.
[[0;32m  OK  [0m] Set up automount Arbitrary Executab...ats File System Automount Point.
[   20.308901] systemd[1]: Started rwrdPaswd eqess  Wall Directory Watch.

[[0;32m  OK  [0m] Started Forward Password Requests to Wall Directory Watch.
[   20.814551] systemd[1]: Reached target Slices.
[[0;32m  OK  [0m] Reached target Slices.
[   20.825459] systemd[1]: Listening on Device-mapper event daemon FIFOs.
[[0;32m  OK  [0m] Listening on Device-mapper event daemon FIFOs.
[   2.85743] systemd[1]: Listening on Journal ckt /dev/log).
[[0;32m  OK  [0m] Listening on Journal Socket (/dev/log).
[   21.166907] systemd[1]: Mounting POSIX Message Queue File System...
         Mounting POSIX Message Queue File System...
[   21.179477] systemd[1]: Listening on Journal Audit Socket.
[[0;32m  OK  [0m] Listening on Journal Audit Socket.
[   21.5865 sstmd[1]: Listengonudev Control Sock.
[[0;32m  OK  [0m] Listening on udev Control Socket.
[   21.894149] systemd[1]: Listening on LVM2 poll daemon socket.
[[0;32m  OK  [0m] Listening on LVM2 poll daemon socket.
[   21.899712] systemd[1]: Reached target Encrypted Volumes.
[[0;32m  OK  [0m] Reached target Encrypted Volumes.
[   21.930974] systemd[1]: Mounting Huge Pages File System...
         Mounting Huge Pages File System...
[   22.038607] systemd[1]: Starting Load Kernel Modules...
         Starting Load Kernel Modules...[   22.063416] Loading iSCSI transport class v2.0-870.

[   22.100975] systemd[1]: Starting Nameserver information manager...
         Starting Nameserver information [   22.210581] iscsi: registered transport (tcp)
manager...
[   22.307094] systemd[1]: Listening on Syslog Socket.
[[0;32m  OK  [0m] Listening on Syslog Socket.
[   22.347941] iscsi: registered transport (iser)
[   22.399477] systemd[1]: Starting Journal Service...
         Starting Journal Service...
[   22.439450] systemd[1]: Created slice system-serial\x2dgetty.slice.
[[0;32m  OK  [0m] Created slice system-serial\x2dgetty.slice.
[   22.530456] systemd[1]: Starting Set console keymap...
         Starting Set console keymap...
[   22.578101] systemd[1]: Starting Uncomplicated firewall...
         Starting Uncomplicated firewall...
[   22.642347] systemd[1]: Reached target User and Group Name Lookups.
[[0;32m  OK  [0m] Reached target User and Group Name Lookups.
[   22.744097] systemd[1]: Mounting Debug File System...
         Mounting Debug File System...
[   22.790204] systemd[1]: Reached target System Time Synchronized.
[[0;32m  OK  [0m] Reached target System Time Synchronized.
[   22.826332] systemd[1]: Listening on LVM2 metadata daemon socket.
[[0;32m  OK  [0m] Listening on LVM2 metadata daemon socket.
[   22.890635] systemd[1]: Starting Monitoring of LVM2 mirrors, snapshots etc. using dmeventd or progress polling...
         Starting Monitoring of LVM2 mirrors... dmeventd or progress polling...
[   22.956079] systemd[1]: Mounted Huge Pages File System.
[[0;32m  OK  [0m] Mounted Huge Pages File System.
[   22.982872] systemd[1]: Mounted POSIX Message Queue File System.
[[0;32m  OK  [0m] Mounted POSIX Message Queue File System.
[   22.994068] systemd[1]: Mounted Debug File System.
[[0;32m  OK  [0m] Mounted Debug File System.
[   22.997252] systemd[1]: Started Journal Service.
[[0;32m  OK  [0m] Started Journal Service.
[[0;32m  OK  [0m] Started Create list of required sta...ce nodes for the current kernel.
[[0;32m  OK  [0m] Started Remount Root and Kernel File Systems.
[[0;32m  OK  [0m] Started Load Kernel Modules.
[[0;32m  OK  [0m] Started Set console keymap.
[[0;32m  OK  [0m] Started Uncomplicated firewall.
[[0;32m  OK  [0m] Started Nameserver information manager.
[[0;32m  OK  [0m] Started LVM2 metadata daemon.
         Starting Apply Kernel Variables...
         Mounting FUSE Control File System...
         Starting udev Coldplug all Devices...
         Starting Load/Save Random Seed...
         Starting Create Static Device Nodes in /dev...
         Starting Flush Journal to Persistent Storage...
[[0;32m  OK  [0m] Mounted FUSE Control File System.
[[0;32m  OK  [0m] Started Monitoring of LVM2 mirrors,...ng dmeventd or progress polling.
[[0;32m  OK  [0m] Started Apply Kernel Variables.
[[0;32m  OK  [0m] Started Load/Save Random Seed.
[[0;32m  OK  [0m] Started Create Static Device Nodes in /dev.
[[0;32m  OK  [0m] Started udev Coldplug all Devices.
         Starting udev Kernel Device Manager...
[[0;32m  OK  [0m] Reached target Local File Systems (Pre).
[[0;32m  OK  [0m] Reached target Local File Systems.
         Starting Tell Plymouth To Write Out Runtime Data...
         Starting LSB: AppArmor initialization...
         Starting Initial cloud-init job (pre-networking)...
         Starting Set console font and keymap...
[[0;32m  OK  [0m] Started udev Kernel Device Manager.
[[0;32m  OK  [0m] Started Flush Journal to Persistent Storage.
[[0;32m  OK  [0m] Started Tell Plymouth To Write Out Runtime Data.
         Starting Create Volatile Files and Directories...
[[0;32m  OK  [0m] Started Dispatch Password Requests to Console Directory Watch.
[[0;32m  OK  [0m] Started Create Volatile Files and Directories.
         Starting Update UTMP about System Boot/Shutdown...
[[0;32m  OK  [0m] Started Update UTMP about System Boot/Shutdown.
[[0;32m  OK  [0m] Started LSB: AppArmor initialization.
[[0;32m  OK  [0m] Found device /dev/ttyS0.
[[0;32m  OK  [0m] Listening on Load/Save RF Kill Switch Status /dev/rfkill Watch.
[[0;32m  OK  [0m] Found device 82540EM Gigabit Ethern...r (PRO/1000 MT Desktop Adapter).
[   20.899560] cloud-init[483]: Cloud-init v. 18.5-45-g3554ffe8-0ubuntu1~16.04.1 running 'init-local' at Mon, 29 Apr 2019 13:32:13 +0000. Up 20.20 seconds.
[[0;32m  OK  [0m] Started Initial cloud-init job (pre-networking).
[[0;32m  OK  [0m] Reached target Network (Pre).
         Starting Raise network interfaces...
[[0;32m  OK  [0m] Started ifup for enp0s3.
[[0;32m  OK  [0m] Started Set console font and keymap.
[[0;32m  OK  [0m] Created slice system-getty.slice.
[[0;32m  OK  [0m] Started Raise network interfaces.
[[0;32m  OK  [0m] Reached target Network.
         Starting Initial cloud-init job (metadata service crawler)...
[   22.696811] cloud-init[959]: Cloud-init v. 18.5-45-g3554ffe8-0ubuntu1~16.04.1 running 'init' at Mon, 29 Apr 2019 13:32:15 +0000. Up 22.29 seconds.
[   22.719502] cloud-init[959]: ci-info: +++++++++++++++++++++++++++++++++++++Net device info++++++++++++++++++++++++++++++++++++++
[   22.757573] cloud-init[959]: ci-info: +--------+------+---------------------------+---------------+--------+-------------------+
[   22.761111] cloud-init[959]: ci-info: | Device |  Up  |          Address          |      Mask     | Scope  |     Hw-Address    |
[   22.767710] cloud-init[959]: ci-info: +--------+------+---------------------------+---------------+--------+-------------------+
[[   22.798703] cloud-init[959]: ci-info: | enp0s3 | True |         10.0.2.15         | 255.255.255.0 | global | 02:0a:56:fb:b9:09 |
[   22.799457] cloud-init[959]: ci-info: | enp0s3 | True | fe80::a:56ff:fefb:b909/64 |       .       |  link  | 02:0a:56:fb:b9:09 |
[   22.800201] cloud-init[959]: ci-info: |   lo   | True |         127.0.0.1         |   255.0.0.0   |  host  |         .         |
[   22.800511] cloud-init[959]: ci-info: |   lo   | True |          ::1/128          |       .       |  host  |         .         |
[   22.800893] cloud-init[959]: ci-info: +--------+------+---------------------------+---------------+--------+-------------------+
[   22.801168] cloud-init[959]: ci-info: +++++++++++++++++++++++++++Route IPv4 info++++++++++++++++++++++++++++
[   22.801530] cloud-init[959]: ci-info: +-------+-------------+----------+---------------+-----------+-------+
[   22.801958] cloud-init[959]: ci-info: | Route | Destination | Gateway  |    Genmask    | Interface | Flags |
[   22.802309] cloud-init[959]: ci-info: +-------+-------------+----------+---------------+-----------+-------+
[0;32m  OK  [0m] Started Initial cloud-init job (metadata service crawler).
[   22.802651] cloud-init[959]: ci-info: |   0   |   0.0.0.0   | 10.0.2.2 |    0.0.0.0    |   enp0s3  |   UG  |
[   22.983472] cloud-init[959]: ci-info: |   1   |   10.0.2.0  | 0.0.0.0  | 255.255.255.0 |   enp0s3  |   U   |
[   22.984035] cloud-init[959]: ci-info: +-------+-------------+----------+---------------+-----------+-------+
[[0;32m  OK  [0m] Reached target System Initialization.
[   22.984341] cloud-init[959]: ci-info: +++++++++++++++++++Route IPv6 info+++++++++++++++++++
[   23.033184] cloud-init[959]: ci-info: +-------+-------------+---------+-----------+-------+
[[0;32m  OK  [0m] Started Daily Cleanup of Temporary Directories.
[   23.033514] cloud-init[959]: ci-info: | Route | Destination | Gateway | Interface | Flags |
[   23.114229] cloud-init[959]: ci-info: +-------+-------------+---------+-----------+-------+
[   23.116666] cloud-init[959]: ci-info: |   0   |  fe80::/64  |    ::   |   enp0s3  |   U   |
[   23.119503] cloud-init[959]: ci-info: |   3   |   ff00::/8  |    ::   |   enp0s3  |   U   |
[   23.157522] cloud-init[959]: ci-info: +-------+-------------+---------+-----------+-------+
[[0;32m  OK  [0m] Started ACPI Events Check.
[[0;32m  OK  [0m] Reached target Paths.
[[0;32m  OK  [0m] Listening on UUID daemon activation socket.
[[0;32m  OK  [0m] Listening on ACPID Listen Socket.
         Starting Socket activation for snappy daemon.
[[0;32m  OK  [0m] Started Daily apt download activities.
         Starting LXD - unix socket.
[[0;32m  OK  [0m] Listening on D-Bus System Message Bus Socket.
[[0;32m  OK  [0m] Started Daily apt upgrade and clean activities.
[[0;32m  OK  [0m] Reached target Timers.
[[0;32m  OK  [0m] Reached target Network is Online.
         Starting iSCSI initiator daemon (iscsid)...
[[0;32m  OK  [0m] Reached target Cloud-config availability.
[[0;32m  OK  [0m] Listening on Socket activation for snappy daemon.
[[0;32m  OK  [0m] Listening on LXD - unix socket.
[[0;32m  OK  [0m] Started iSCSI initiator daemon (iscsid).
         Starting Login to default iSCSI targets...
[[0;32m  OK  [0m] Reached target Sockets.
[[0;32m  OK  [0m] Reached target Basic System.
[[0;32m  OK  [0m] Started Unattended Upgrades Shutdown.
         Starting LXD - container startup/shutdown...
[[0;32m  OK  [0m] Started Regular background program processing daemon.
         Starting LSB: Record successful boot for GRUB...
         Starting LSB: MD monitoring daemon...
[[0;32m  OK  [0m] Started D-Bus System Message Bus.
         Starting /etc/rc.local Compatibility...
         Starting Login Service...
         Starting MySQL Community Server...
[[0;32m  OK  [0m] Started FUSE filesystem for LXC.
         Starting System Logging Service...
         Starting OpenBSD Secure Shell server...
         Starting Accounts Service...
[[0;32m  OK  [0m] Started Deferred execution scheduler.
         Starting Virtualbox guest utils...
[[0;32m  OK  [0m] Started ACPI event daemon.
         Starting Snappy daemon...
[[0;32m  OK  [0m] Started System Logging Service.
[[0;32m  OK  [0m] Started LXD - container startup/shutdown.
[[0;32m  OK  [0m] Started /etc/rc.local Compatibility.
[[0;32m  OK  [0m] Started OpenBSD Secure Shell server.
[[0;32m  OK  [0m] Started Login to default iSCSI targets.
[[0;32m  OK  [0m] Started LSB: Record successful boot for GRUB.
[[0;32m  OK  [0m] Started LSB: MD monitoring daemon.
[[0;32m  OK  [0m] Started Snappy daemon.
[[0;32m  OK  [0m] Started Login Service.
         Starting Wait until snapd is fully seeded...
         Starting Authenticate and Authorize Users to Run Privileged Tasks...
[[0;32m  OK  [0m] Reached target Remote File Systems (Pre).
[[0;32m  OK  [0m] Reached target Remote File Systems.
         Starting LSB: Set the CPU Frequency Scaling governor to "ondemand"...
         Starting Permit User Sessions...
         Starting LSB: daemon to balance interrupts for SMP systems...
         Starting LSB: automatic crash report generation...
[[0;32m  OK  [0m] Started Virtualbox guest utils.
[[0;32m  OK  [0m] Started Wait until snapd is fully seeded.
[[0;32m  OK  [0m] Started Permit User Sessions.
[[0;32m  OK  [0m] Started Authenticate and Authorize Users to Run Privileged Tasks.
[[0;32m  OK  [0m] Started Accounts Service.
[[0;32m  OK  [0m] Started LSB: Set the CPU Frequency Scaling governor to "ondemand".
         Starting Hold until boot process finishes up...
         Starting Terminate Plymouth Boot Screen...
         Starting Apply the settings specified in cloud-config...
[[0;32m  OK  [0m] Started LSB: daemon to balance interrupts for SMP systems.
[[0;32m  OK  [0m] Started LSB: automatic crash report generation.
[[0;32m  OK  [0m] Started Hold until boot process finishes up.
[[0;32m  OK  [0m] Started Terminate Plymouth Boot Screen.
[[0;32m  OK  [0m] Started Getty on tty1.
         Starting Set console scheme...
[[0;32m  OK  [0m] Started Serial Getty on ttyS0.
[[0;32m  OK  [0m] Reached target Login Prompts.
[[0;32m  OK  [0m] Started Set console scheme.
[[0;32m  OK  [0m] Created slice User Slice of vagrant.
         Starting User Manager for UID 1000...
[[0;32m  OK  [0m] Started User Manager for UID 1000.
[[0;32m  OK  [0m] Started Session 1 of user vagrant.
[[0;32m  OK  [0m] Started MySQL Community Server.
[[0;32m  OK  [0m] Reached target Multi-User System.
[[0;32m  OK  [0m] Reached target Graphical Interface.
         Starting Update UTMP about System Runlevel Changes...
[[0;32m  OK  [0m] Started Update UTMP about System Runlevel Changes.
[   26.691595] cloud-init[1209]: Cloud-init v. 18.5-45-g3554ffe8-0ubuntu1~16.04.1 running 'modules:config' at Mon, 29 Apr 2019 13:32:19 +0000. Up 26.49 seconds.
[[0;32m  OK  [0m] Started Apply the settings specified in cloud-config.
         Starting Execute cloud user/final scripts...
[   27.806767] cloud-init[1329]: Cloud-init v. 18.5-45-g3554ffe8-0ubuntu1~16.04.1 running 'modules:final' at Mon, 29 Apr 2019 13:32:20 +0000. Up 27.52 seconds.
[   27.858213] cloud-init[1329]: Cloud-init v. 18.5-45-g3554ffe8-0ubuntu1~16.04.1 finished at Mon, 29 Apr 2019 13:32:21 +0000. Datasource DataSourceNoCloud [seed=/dev/sdb][dsmode=net].  Up 27.78 seconds
[[0;32m  OK  [0m] Started Execute cloud user/final scripts.
[[0;32m  OK  [0m] Reached target Cloud-init target.

Ubuntu 16.04.6 LTS ubuntu-xenial ttyS0

ubuntu-xenial login:          Stopping ACPI event daemon...
         Stopping User Manager for UID 1000...
         Stopping Session 3 of user vagrant.
[[0;32m  OK  [0m] Stopped target Timers.
[[0;32m  OK  [0m] Stopped Daily apt upgrade and clean activities.
         Stopping Authenticate and Authorize Users to Run Privileged Tasks...
[[0;32m  OK  [0m] Stopped target Graphical Interface.
[[0;32m  OK  [0m] Closed Load/Save RF Kill Switch Status /dev/rfkill Watch.
[[0;32m  OK  [0m] Stopped target Cloud-init target.
[[0;32m  OK  [0m] Stopped Execute cloud user/final script         Stopping D-Bus System Message Bus...
         Stopping LSB: automatic crash report generation...
[[0;32m  OK  [0m] Stopped Wait until snapd is fully seeded.
         Stopping Virtualbox guest utils...
         Stopping FUSE filesystem for LXC...
         Stopping LSB: Set the CPU Frequency Scaling governor to "ondemand"...
         Stopping System Logging Service...
         Stopping LXD - container startup/shutdown...
[[0;32m  OK  [0m] Stopped Daily apt download activities.
[[0;32m  OK  [0m] Stopped target System Time Synchronized.
[[0;32m  OK  [0m] Unmounted /var/lib/lxcfs.
[[0;32m  OK  [0m] Stopped Regular background program processing daemon.
[[0;32m  OK  [0m] Stopped System Logging Service.
[[0;32m  OK  [0m] Stopped Accounts Service.
[[0;32m  OK  [0m] Stopped Deferred execution scheduler.
[[0;32m  OK  [0m] Stopped ACPI event daemon.
[[0;32m  OK  [0m] Stopped OpenBSD Secure Shell server.
[[0;32m  OK  [0m] Stopped Authenticate and Authorize Users to Run Privileged Tasks.
[[0;32m  OK  [0m] Stopped Getty on tty1.
[[0;32m  OK  [0m] Stopped Serial Getty on ttyS0.
[[0;32m  OK  [0m] Stopped User Manager for UID 1000.
[[0;32m  OK  [0m] Stopped Session 3 of user vagrant.
[[0;32m  OK  [0m] Stopped Unattended Upgrades Shutdown.
[[0;32m  OK  [0m] Stopped D-Bus System Message Bus.
[[0;32m  OK  [0m] Stopped FUSE filesystem for LXC.
[[0;32m  OK  [0m] Stopped LSB: daemon to balance interrupts for SMP systems.
[[0;32m  OK  [0m] Stopped LSB: MD monitoring daemon.
[[0;32m  OK  [0m] Stopped LSB: Record successful boot for GRUB.
[[0;32m  OK  [0m] Stopped LSB: automatic crash report generation.
[[0;32m  OK  [0m] Stopped LSB: Set the CPU Frequency Scaling governor to "ondemand".
[[0;32m  OK  [0m] Stopped Virtualbox guest utils.
[[0;32m  OK  [0m] Stopped LXD - container startup/shutdown.
[[0;32m  OK  [0m] Removed slice User Slice of vagrant.
         Stopping Login Service...
[[0;32m  OK  [0m] Removed slice system-serial\x2dgetty.slice.
         Stopping Permit User Sessions...
[[0;32m  OK  [0m] Removed slice system-getty.slice.
[[0;32m  OK  [0m] Stopped /etc/rc.local Compatibility.
[[0;32m  OK  [0m] Stopped Login Service.
[[0;32m  OK  [0m] Stopped Permit User Sessions.
[[0;32m  OK  [0m] Stopped target Remote File Systems.
[[0;32m  OK  [0m] Stopped target Remote File Systems (Pre).
         Stopping Login to default iSCSI targets...
[[0;32m  OK  [0m] Stopped target User and Group Name Lookups.
[[0;32m  OK  [0m] Stopped Login to default iSCSI targets.
         Stopping iSCSI initiator daemon (iscsid)...
[[0;32m  OK  [0m] Stopped MySQL Community Server.
[[0;32m  OK  [0m] Stopped iSCSI initiator daemon (iscsid).
[[0;32m  OK  [0m] Stopped target Network is Online.
[[0;32m  OK  [0m] Stopped target Basic System.
[[0;32m  OK  [0m] Stopped target Slices.
[[0;32m  OK  [0m] Removed slice User and Session Slice.
[[0;32m  OK  [0m] Stopped target Sockets.
[[0;32m  OK  [0m] Closed ACPID Listen Socket.
[[0;32m  OK  [0m] Closed UUID daemon activation socket.
[[0;32m  OK  [0m] Closed LXD - unix socket.
[[0;32m  OK  [0m] Closed Syslog Socket.
[[0;32m  OK  [0m] Closed D-Bus System Message Bus Socket.
[[0;32m  OK  [0m] Closed Socket activation for snappy daemon.
[[0;32m  OK  [0m] Stopped target Paths.
[[0;32m  OK  [0m] Stopped Dispatch Password Requests to Console Directory Watch.
[[0;32m  OK  [0m] Stopped ACPI Events Check.
[[0;32m  OK  [0m] Stopped Forward Password Requests to Wall Directory Watch.
[[0;32m  OK  [0m] Stopped target System Initialization.
         Stopping Load/Save Random Seed...
[[0;32m  OK  [0m] Stopped target Encrypted Volumes.
[[0;32m  OK  [0m] Stopped target Swap.
[[0;32m  OK  [0m] Stopped Initial cloud-init job (metadata service crawler).
         Stopping Update UTMP about System Boot/Shutdown...
[[0;32m  OK  [0m] Stopped target Network.
         Stopping Raise network interfaces...
[[0;32m  OK  [0m] Stopped Load/Save Random Seed.
[[0;32m  OK  [0m] Stopped Update UTMP about System Boot/Shutdown.
[[0;32m  OK  [0m] Stopped Create Volatile Files and Directories.
[[0;32m  OK  [0m] Stopped Raise network interfaces.
[[0;32m  OK  [0m] Stopped target Local File Systems.
         Unmounting /run/user/1000...
         Unmounting /vagrant...
[[0;32m  OK  [0m] Stopped Apply Kernel Variables.
[[0;32m  OK  [0m] Stopped Load Kernel Modules.
[[0;32m  OK  [0m] Stopped target Network (Pre).
[[0;32m  OK  [0m] Stopped Initial cloud-init job (pre-networking).
[[0;32m  OK  [0m] Unmounted /run/user/1000.
[[0;32m  OK  [0m] Unmounted /vagrant.
[[0;32m  OK  [0m] Reached target Unmount All Filesystems.
[[0;32m  OK  [0m] Stopped target Local File Systems (Pre).
         Stopping Monitoring of LVM2 mirrors... dmeventd or progress polling...
[[0;32m  OK  [0m] Stopped Remount Root and Kernel File Systems.
[[0;32m  OK  [0m] Stopped Create Static Device Nodes in /dev.
[[0;32m  OK  [0m] Reached target Shutdown.
[  376.002557] reboot: Power down
