[    00000] Initializing cgroup subsys cpuset
[    0.00000] Initiizing cgroup subsys cpu
[    0.000000] Initializing cgroup subsys cpuacct
[    .000000] Linux version 4.4.0-143-generic (buildd@lgw01-amd64-041) (gcc version 5.4.0 20160609 (Ubuntu 5.4.0-6uunu1~16.04.10) ) #169-Ubuntu SMP Thu Feb 7 07:56:38 UTC 2019 (Ubuntu 4.4.0-143.169-generic 4.4.170)
[    0.000000] Command line: BOOT_IMAGE=/boot/vmlinuz-4.4.0-143-generic rooLAEL=coumg-rootfs ro console=tt cnsol=tS0
[   0000] KERNEL supprtedpus:
[    0.000000]   Intel GenuineIntel
[    0.000000]   AMD AuthenticAMD
[    0.000000]   Centaur CentaurHauls
[    0.000000] x86/fpu: xstate_offset[2]:  576, xstate_sizes[2]:  256
[    0.000000] x86/fpu: Supporting XSAVE feature 0x01: 'x87 floating point registers'
[    0.000000] x86/fpu: Supporting XSAVE feature 0x02: 'SSE registers'
[    0.000000] x86/fpu: Supporting XSAVE feature 0x04: 'AVX registers'
[    0.000000] x86/fpu: Enabled xstate features 0x7, context size is 832 bytes, using 'standard' format.
[    0.000000] e20: BIOS-provided physical RAM map:
[    0.000000] BIOS-e820: [em 0x000000000000000-x00000009fff] sae
[    0.000000] BIOS-e820: [mem 0x000000000009fc00-0x000000000009ffff] reserved
[    0.000000] BIOS-e820: [memx00000000f0000-0x0000000000fffff] reserved
[    0.000] BOSe80: [mem 0x0000000000000-0x000000003ffeffff] usable
[    0.000000] BIOS-e820: [mem 0x000000003fff0000-0x0000003fffffff] ACPI data
[    0.000000] BIOS-820:[memx0000000fec00000-0x00000000fec00fff] reserved
[    0.000000] BIOS-e820: [mem 0x000000fee00000-0x00000000fee00fff] reserved
[    0.000000] BIOS-e820: [mem 0000000fffc0000-0x00000000ffffff] reserved
[    0.000000] NX (Execute Disable) protection: active
[    0.000000] SMBIOS 2.5 present.
[    0.000000] Hypervisor detected: KVM
[    0.000000] e820: last_pfn = 0x3fff0 max_arch_pfn = 0x400000000
[    0.000000] MTRR: Disabled
[    0.000000] x86/PAT: MTRRs disabled, skipping PAT initialization too.
[    0.000000] CPU MTRRs all blank - virtualized system.
[    0.000000] x86/PAT: Configuration [0-7]: WB  WT  UC- UC  WB  WT  UC- UC  
[    0.000000] found SMP MP-table at [mem 0x0009fff0-0x0009ffff] mapped at [ffff88000009fff0]
[    0.000000] Scanning 1 areas for low memory corruption
[    0.000000] RAMDISK: [mem 0x36300000-0x37177fff]
[    0.000000] ACPI: Early table checksum verification disabled
[    0.000000] ACPI: RSDP 0x00000000000E0000 000024 (v02 VBOX  )
[    0.000000] ACPI: XSDT 0x000000003FFF0030 00003C (v01 VBOX   VBOXXSDT 00000001 ASL  00000061)
[    0.000000] ACPI: FACP 0x000000003FFF00F0 0000F4 (v04 BOX  BOXFCP00001 ASL  00000061)
[    0.000000] ACPI: DSDT 0x000000003FFF0470 0021FF (v02 VBOX   VBOXBIOS 00000002 NTL 20100528
[   .00000] ACPI: FACS 0x000000003FFF0200 000040
[    0.000000] ACPI FACS 0x000000003FFF0200 000040
[   .000000ACI: APIC 0x000000003FFF0240 00005C (v02 VBOX   VBOXAPIC 00000001 ASL  00000061)
[    0.000000] ACPI: SSDT 0x000000003FFF02A0 0001CC (v01 VBOX   VBOXCPUT 00000002 INTL 20100528)
[    0.000000] No NUMA configuration found
[    0.000000] Faking a node at [mem 0x0000000000000000-0x000000003ffeffff]
[    0.000000] NODE_DATA(0) allocated [mem 0x3ffeb000-3feffff][    0.000000] kvm-clock: Using msrs 4b564d01 and 4b564d00
[    0.000000] kvm-clock: cpu 0, msr 0:3ffe3001, primary cpu clock
[    0.000000] kvm-clock: using sched offset of 3406723282 cycles
[    0.000000] clocksource: kvm-clock: mask: 0xffffffffffffffff max_cycles: 0x1cd42e4dffb, mx_dl_ns: 881590591483 ns
[    0.000000] Zone ranges:
   0.000000]   DMA      [mem 0x0000000000001000-0x0000000000ffffff]
[   0.000000]   DMA32    [mem 0x0000000001000000-0x000000003ffeffff]
[    0.000000]   Normal   empty
[    0.000000]   Device   empty
[    0.000000] Movable zone start for each node
[    0.000000] Early memory node ranges
[    0.000000]   node   0: [mem 0x0000000000001000-0x000000000009efff]
[    0.000000]   node   0: [mem 0x0000000000010000x000000003ffeffff]
[     0.000000] Initmem setup node 0 [mem 0x0000000000001000-0x000000003ffeffff]
[   000000] ACPI: PM-Timer IO Port: 0x4008
[    0.000000] IOAPIC[0]: apic_id 2, version 32, address 0xfec00000, GSI 0-23
[    0.000000] ACPI: INT_SRC_OVR (bus 0 bus_irq 0 global_irq 2 dfl dfl)
[    0.000000] ACPI: INT_SRC_OVR (bus 0 bus_irq 9 global_irq 9 low level)
[    0.000000] Using ACPI (MADT) for SMP configuration information
[    0.000000] smpboot: Allowing 2 CPUs, 0 hotplug CPUs
[    0.000000] PM: Registered nosave memory: [mem 0x00000000-0x00000fff]
[    0.000000] PM: Registered nosave memory: [mem 0x0009f000-0x0009ffff]
[    0.000000] PM: Registered nosave memory: [mem 0x000a0000-0x000effff]
[   0.000000] PM: Registered nosave memory: [mem 0x000f000-0x000fffff]
[    0.000000] e820: [mem 0x40000000-0xfebfffff] available for PCI devices
[    0.000000] Booting paravirtualized kernel on KVM
[    0.0000] clocksource: refined-jiffies: mask: 0xffffffff max_cycles: 0xffffffff, max_idle_ns: 7645519600211568 ns
[    0.000000] setup_percpu: NR_CPUS:512 nr_cpumask_bits:512 nr_cpu_ids:2 nr_node_ids:1
[    0.000000] PERCPU: Embedded 34 pages/cpu @ffff88003fc00000 s99480 r8192 d31592 u1048576
[    0.000000] Built 1 zonelists in Node order, mobility grouping on.  Total pages: 257912
[    0.000000] Policy zone: DMA32
[    0.000000] Kernel command line: BOOT_IMAGE=/boot/vmlinuz-4.4.0-143-generic root=LABEL=cloudimg-rootfs ro console=tty1 console=ttyS
[    0.000000] PID hash table entries: 4096 (order: 3, 32768 bytes)
[    0.000000] Memory: 997716K/1048120K available (8608K kernel code, 1332K rwdata, 4008K rodata, 1484K init, 1316K bss, 50404K reserved, 0K cma-reserved)
[    0.000000] SLUB: HWalign=64, Order=0-3, MinObjects=0, CPUs=2, Nodes=1
[    0.000000] Kernel/User page tables isolation: enabled
[    0.000000] Hierarchical RCU implementation.
[    0.000000] 	Build-time adjustment of leaf fanout to 64.
    0.0000]	RU restricing PU fom NR_CPS=12to nr_cpu_ids=2.
[    0.000000] RCU: Adjusting geometry for rcu_fanoutleaf=64, nr_cpu_ids=2
[    0.000000] NR_IRQS:33024 nr_irqs:440 16
[    0.000000] Console: colour VGA+ 80x25
[    0.000000] console [tty1] enabled
[    0.000000] console [ttyS0] enabled
[    0.000000] tsc: Detected 2807.996 MHz processor
[    2.496267] Calibrating delay loop (skipped) preset value.. 5615.99 BogoMIPS (lpj=11231984)
[    2.498402] pid_max: default: 32768 minimum: 301
[    2.499508] ACPI: Core revision 2015090
[    2.517421] ACPI: 2 ACPI AML tables successfully acquired and loaded
[    2.519033] Security Framework initialized
[    2.520047] Yama: becoming mindful.
[    2.521581] AppArmor: AppArmor initialized
[    2.522722] Dentry cache hash table entries: 131072 (order: 8, 1048576 bytes)

[    2.527867] Inode-cache hash table entries: 65536 (order: 7, 524288 bytes)
[    2.529408] Mount-cache hash table entries: 2048 (order: 2, 16384 bytes)
[    2.614766] Mountpoint-cache hash table entries: 2048 (order: 2, 16384 bytes)
[    2.670328] Initializing cgroup subsys io
[    2.671283] Initializing cgroup subsys memory
[    2.720316] Initializing cgroup subsys devices
[    2.800128] Initializing cgroup subsys freezer
[    2.826940] Initializing cgroup subsys net_cls
[    2.828035] Initializing cgroup subsys perf_event
[    2.829578] Initializing cgroup subsys net_prio
[    2.830704] Initializing cgroup subsys hugetlb
[    2.832060] Initializing cgroup subsys pids
[    2.834260] mce: CPU supports 0 MCE banks
[    2.835309] Last level iTLB entries: 4KB 64, 2MB 8, 4MB 8
[    2.836563] Last level dTLB entries: 4KB 64, 2MB 0, 4MB 0, 1GB 4
[    2.837891] Spectre V2 : Mitigation: Full generic retpoline
[    2.839156] Spectre V2 : Spectre v2 / SpectreRSB mitigation: Filling RSB on context switch
[    2.848397] Speculative Store Bypass: Vulnerable
[    2.869570] Freeing SMP alternatives memory: 32K
[    2.921918] ftrace: allocating 32278 entries in 127 pages
[    3.003875] smpboot: APIC(0) Converting physical 0 to logical package 0
[    3.104805] smpboot: Max logical packages: 1
[    3.124883] x2apic enabled
[    3.126026] Switched APIC routing to physical x2apic.
[    3.159091] ..TIMER: vector=0x30 apic1=0 pin1=2 apic2=-1 pin2=-1
[    3.268068] APIC calibration not consistent with PM-Timer: 98ms instead of 100ms
[    3.397525] APIC delta adjusted to PM-Timer: 6248213 (6178043)
[    3.408910] smpboot: CPU0: Intel(R) Core(TM) i7-7700HQ CPU @ 2.80GHz (family: 0x6, model: 0x9e, stepping: 0x9)
[    3.431110] Performance Events: unsupported p6 CPU model 158 no PMU driver, software events only.
[    3.472877] KVM setup paravirtual spinlock
[    3.479262] x86: Booting SMP configuration:
[    3.498417] .... node  #0, CPUs:      #1
[    3.502423] kvm-clock: cpu 1, msr 0:3ffe3041, secondary cpu clock
[    3.514973] mce: CPU supports 0 MCE banks
[    3.517531] x86: Booted up 1 node, 2 CPUs
[    3.518825] smpboot: Total of 2 processors activated (11231.98 BogoMIPS)
[    3.639150] devtmpfs: initialized
[    3.697833] evm: security.selinux
[    3.735287] evm: security.SMACK64
[    3.789921] evm: security.SMACK64EXEC
[    3.874981] evm: security.SMACK64TRANSMUTE
[    3.886226] evm: security.SMACK64MMAP
[    3.897783] evm: security.ima
[    3.903530] evm: security.capability
[    3.936894] clocksource: jiffies: mask: 0xffffffff max_cycles: 0xffffffff, max_idle_ns: 7645041785100000 ns
[    3.939465] futex hash table entries: 512 (order: 3, 32768 bytes)
[    3.965744] pinctrl core: initialized pinctrl subsystem
[    3.966999] RTC time: 22:00:19, date: 04/27/19
[    3.968194] NET: Registered protocol family 16
[    3.981871] cpuidle: using governor ladder
[    3.993955] cpuidle: using governor menu
[    3.994963] PCCT header not found.
[    3.995890] ACPI: bus type PCI registered
[    3.996833] acpiphp: ACPI Hot Plug PCI Controller Driver version: 0.5
[    4.010372] PCI: Using configuration type 1 for base access
[    4.066521] ACPI: Added _OSI(Module Device)
[    4.070844] ACPI: Added _OSI(Processor Device)
[    4.130311] ACPI: Added _OSI(3.0 _SCP Extensions)
[    4.186118] ACPI: Added _OSI(Processor Aggregator Device)
[    4.191177] ACPI: Executed 1 blocks of module-level executable AML code
[    4.195531] ACPI: Interpreter enabled
[    4.196508] ACPI: (supports S0 S5)
[    4.202917] ACPI: Using IOAPIC for interrupt routing
[    4.204245] PCI: Using host bridge windows from ACPI; if necessary, use "pci=nocrs" and report a bug
[    4.221173] ACPI: PCI Root Bridge [PCI0] (domain 0000 [bus 00-ff])
[    4.250563] acpi PNP0A03:00: _OSC: OS supports [ASPM ClockPM Segments MSI]
[    4.268459] acpi PNP0A03:00: _OSC: not requesting OS control; OS requires [ExtendedConfig ASPM ClockPM MSI]
[    4.273418] acpi PNP0A03:00: fail to add MMCONFIG information, can't access extended PCI configuration space under this bridge.
[    4.276019] PCI host bridge to bus 0000:00
[    4.276952] pci_bus 0000:00: root bus resource [io  0x0000-0x0cf7 window]
[    4.302500] pci_bus 0000:00: root bus resource [io  0x0d00-0xffff window]
[    4.304034] pci_bus 0000:00: root bus resource [mem 0x000a0000-0x000bffff window]
[    4.306016] pci_bus 0000:00: root bus resource [mem 0x40000000-0xfdffffff window]
[    4.307969] pci_bus 0000:00: root bus resource [bus 00-ff]
[    4.311147] pci 0000:00:01.1: legacy IDE quirk: reg 0x10: [io  0x01f0-0x01f7]
[    4.312835] pci 0000:00:01.1: legacy IDE quirk: reg 0x14: [io  0x03f6]
[    4.314437] pci 0000:00:01.1: legacy IDE quirk: reg 0x18: [io  0x0170-0x0177]
[    4.316054] pci 0000:00:01.1: legacy IDE quirk: reg 0x1c: [io  0x0376]
[    4.340893] pci 0000:00:07.0: quirk: [io  0x4000-0x403f] claimed by PIIX4 ACPI
[    4.345709] pci 0000:00:07.0: quirk: [io  0x4100-0x410f] claimed by PIIX4 SMB
[    4.351060] ACPI: PCI Interrupt Link [LNKA] (IRQs 5 9 10 *11)
[    4.371107] ACPI: PCI Interrupt Link [LNKB] (IRQs 5 9 *10 11)
[    4.380667] ACPI: PCI Interrupt Link [LNKC] (IRQs 5 *9 10 11)
[    4.395902] ACPI: PCI Interrupt Link [LNKD] (IRQs 5 9 10 *11)
[    4.406265] ACPI: Enabled 2 GPEs in block 00 to 07
[    4.407906] vgaarb: setting as boot device: PCI:0000:00:02.0
[    4.426086] vgaarb: device added: PCI:0000:00:02.0,decodes=io+mem,owns=io+mem,locks=none
[    4.428210] vgaarb: loaded
[    4.438511] vgaarb: bridge control possible 0000:00:02.0
[    4.470872] SCSI subsystem initialized
[    4.472118] ACPI: bus type USB registered
[    4.473102] usbcore: registered new interface driver usbfs
[    4.487044] usbcore: registered new interface driver hub
[    4.493320] usbcore: registered new device driver usb
[    4.498665] PCI: Using ACPI for IRQ routing
[    4.500172] NetLabel: Initializing
[    4.501299] NetLabel:  domain hash size = 128
[    4.502405] NetLabel:  protocols = UNLABELED CIPSOv4
[    4.503638] NetLabel:  unlabeled traffic allowed by default
[    4.505061] amd_nb: Cannot enumerate AMD northbridges
[    4.506334] clocksource: Switched to clocksource kvm-clock
[    4.520041] AppArmor: AppArmor Filesystem Enabled
[    4.521391] pnp: PnP ACPI init
[    4.525021] pnp: PnP ACPI: found 3 devices
[    4.537147] clocksource: acpi_pm: mask: 0xffffff max_cycles: 0xffffff, max_idle_ns: 2085701024 ns
[    4.539167] NET: Registered protocol family 2
[    4.540351] TCP established hash table entries: 8192 (order: 4, 65536 bytes)
[    4.541843] TCP bind hash table entries: 8192 (order: 5, 131072 bytes)
[    4.545492] TCP: Hash tables configured (established 8192 bind 8192)
[    4.547445] UDP hash table entries: 512 (order: 2, 16384 bytes)
[    4.548724] UDP-Lite hash table entries: 512 (order: 2, 16384 bytes)
[    4.550050] NET: Registered protocol family 1
[    4.551173] pci 000:000.0: Limiting direct PCI/PCI transfers
[    4.643715] pci 0000:00:.0 Actvang ISA D hg rkarounds
[    4.975062] Unpacking initrafs.
[    5.363670] Freeing initrd memory: 14816K
[    5.397580] platform rtc_cmos: registered platform RTC device (no PNP device found)
[    5.477781] Scanning for low memory corruption every 60 seconds
[    5.498942] audit: initializing netlink subsys (disabled)
[    5.500110] audit: type=2000 audit(1556402421.631:1): initialized
[    5.501649] Initialise system trusted keyring
[    5.504503] HugeTLB registered 2 MB page size, pre-allocated 0 pages
[    5.531509] zbud: loaded
[    5.559879] VFS: Disk quotas dquot_6.6.0
[    5.569677] VFS: Dquot-cache hash table entries: 512 (order 0, 4096 bytes)
[    5.596014] squashfs: version 4.0 (2009/01/31) Phillip Lougher
[    5.597571] fuse init (API version 7.23)
[    5.609433] Key type big_key registered
[    5.610362] Allocating IMA MOK and blacklist keyrings.
[    5.628160] Key type asymmetric registered
[    5.629133] Asymmetric key parser 'x509' registered
[    5.630236] Block layer SCSI generic (bsg) driver version 0.4 loaded (major 249)
[    5.637719] io scheduler noop registered
[    5.660185] io scheduler deadline registered (default)
[    5.664043] io scheduler cfq registered
[    5.682840] pci_hotplug: PCI Hot Plug PCI Core version: 0.5
[    5.684094] pciehp: PCI Express Hot Plug Controller Driver version: 0.4
[    5.685673] ACPI: AC Adapter [AC] (on-line)
[    5.686795] input: Power Button as /devices/LNXSYSTM:00/LNXPWRBN:00/input/input0
[    5.688821] ACPI: Power Button [PWRF]
[    5.689864] input: Sleep Button as /devices/LNXSYSTM:00/LNXSLPBN:00/input/input1
[    5.691765] ACPI: Sleep Button [SLPF]
[    5.692950] GHES: HEST is not enabled!
[    5.693927] ACPI: Battery Slot [BAT0] (battery present)
[    5.704135] Serial: 8250/16550 driver, 32 ports, IRQ sharing enabled
[   5.81] :0 tyS0 aI/O0x3f8 (irq = 4, base_baud = 115200) is a 650A
[    6.179895] Linux agpgart interface v0.103
[    6.246892] loop: module loaded
[    6.263971] scsi host0: ata_piix
[    6.273315] scsi host1: ata_piix
[    6.313529] ata1: PATA max UDMA/33 cmd 0x1f0 ctl 0x3f6 bmdma 0xd000 irq 14
[    6.316364] ata2: PATA max UDMA/33 cmd 0x170 ctl 0x376 bmdma 0xd008 irq 15
[    6.319365] libphy: Fixed MDIO Bus: probed
[    6.321194] tun: Universal TUN/TAP device driver, 1.6
[    6.323120] tun: (C) 1999-2004 Max Krasnyansky <maxk@qualcomm.com>
[    6.325438] PPP generic driver version 2.4.2
[    6.336381] ehci_hcd: USB 2.0 'Enhanced' Host Controller (EHCI) Driver
[    6.344938] ehci-pci: EHCI PCI platform driver
[    6.346451] ehci-platform: EHCI generic platform driver
[    6.348214] ohci_hcd: USB 1.1 'Open' Host Controller (OHCI) Driver
[    6.350431] ohci-pci: OHCI PCI platform driver
[    6.359503] ohci-platform: OHCI generic platform driver
[    6.362473] uhci_hcd: USB Universal Host Controller Interface driver
[    6.364024] i8042: PNP: PS/2 Controller [PNP0303:PS2K,PNP0f03:PS2M] at 0x60,0x64 irq 1,12
[    6.381965] serio: i8042 KBD port at 0x60,0x64 irq 1
[    6.383185] serio: i8042 AUX port at 0x60,0x64 irq 12
[    6.384616] mousedev: PS/2 mouse device common for all mice
[    6.386488] rtc_cmos rtc_cmos: rtc core: registered rtc_cmos as rtc0
[    6.388006] input: AT Translated Set 2 keyboard as /devices/platform/i8042/serio0/input/input2
[    6.390258] rtc_cmos rtc_cmos: alarms up to one day, 114 bytes nvram
[    6.393235] i2c /dev entries driver
[    6.404000] device-mapper: uevent: version 1.0.3
[    6.405183] device-mapper: ioctl: 4.34.0-ioctl (2015-10-28) initialised: dm-devel@redhat.com
[    6.407463] ledtrig-cpu: registered to indicate activity on CPUs
[    6.407490] tsc: Refined TSC clocksource calibration: 2809.169 MHz
[    6.407492] clocksource: tsc: mask: 0xffffffffffffffff max_cycles: 0x287e165175c, max_idle_ns: 440795300744 ns
[    6.417813] NET: Registered protocol family 10
[    6.456196] NET: Registered protocol family 17
[    6.489052] Key type dns_resolver registered
[    6.542739] registered taskstats version 1
[    6.547676] Loading compiled-in X.509 certificates
[    6.607772] Loaded X.509 cert 'Build time autogenerated kernel key: d03773f65dd2b75b701d4dd50cb1e8d0c07b3b6e'
[    6.623002] zswap: loaded using pool lzo/zbud
[    6.629246] Key type trusted registered
[    6.653994] Key type encrypted registered
[    6.656359] AppArmor: AppArmor sha1 policy hashing enabled
[    6.685927] ima: No TPM chip found, activating TPM-bypass!
[    6.688428] ima: Allocated hash algorithm: sha1
[    6.723347] evm: HMAC attrs: 0x1
[    6.748182]   Magic number: 15:313:48
[    6.765183] rtc_cmos rtc_cmos: setting system clock to 2019-04-27 22:00:22 UTC (1556402422)
[    6.868360] BIOS EDD facility v0.16 2004-Jun-25, 0 devices found
[    6.869778] EDD information not available.
[    6.871962] Freeing unused kernel memory: 1484K
[    6.882824] Write protecting the kernel read-only data: 14336k
[    6.894320] Freeing unused kernel memory: 1620K
[    6.921960] Freeing unused kernel memory: 88K
Loading, please wait...
starting version[    7.009675] random: systemd-udevd: uninitialized urandom read (16 bytes read, 3 bits of entropy available)
 229
[    7.010116] random: udevadm: uninitialized urandom read (16 bytes read, 3 bits of entropy available)
[    7.010130] random: udevadm: uninitialized urandom read (16 bytes read, 3 bits of entropy available)
[    7.018227] random: udevadm: uninitialized urandom read (16 bytes read, 3 bits of entropy available)
[    7.018260] random: udevadm: uninitialized urandom read (16 bytes read, 3 bits of entropy available)
[    7.018445] random: udevadm: uninitialized urandom read (16 bytes read, 3 bits of entropy available)
[    7.018493] random: udevadm: uninitialized urandom read (16 bytes read, 3 bits of entropy available)
[    7.018537] random: udevadm: uninitialized urandom read (16 bytes read, 3 bits of entropy available)
[    7.018579] random: udevadm: uninitialized urandom read (16 bytes read, 3 bits of entropy available)
[    7.018620] random: udevadm: uninitialized urandom read (16 bytes read, 3 bits of entropy available)
[    7.240206] e1000: Intel(R) PRO/1000 Network Driver - version 7.3.21-k8-NAPI
[    7.248090] e1000: Copyright (c) 1999-2006 Intel Corporation.
[    7.281093] AVX2 version of gcm_enc/dec engaged.
[    7.283106] Fusion MPT base driver 3.04.20
[    7.283106] Copyright (c) 1999-2008 LSI Corporation
[    7.321851] AES CTR mode by8 optimization enabled
[    7.332573] Fusion MPT SPI Host driver 3.04.20
[    7.471919] input: ImExPS/2 Generic Explorer Mouse as /devices/platform/i8042/serio1/input/input4
[    7.695753] e1000 0000:00:03.0 eth0: (PCI:33MHz:32-bit) 02:0a:56:fb:b9:09
[    7.699600] e1000 0000:00:03.0 eth0: Intel(R) PRO/1000 Network Connection
[    7.711616] e1000 0000:00:03.0 enp0s3: renamed from eth0
[    7.711761] mptbase: ioc0: Initiating bringup
[    7.875271] ioc0: LSI53C1030 A0: Capabilities={Initiator}
[    8.995484] scsi host2: ioc0: LSI53C1030 A0, FwRev=00000000h, Ports=1, MaxQ=256, IRQ=20
[   10.406100] scsi 2:0:0:0: Direct-Access     VBOX     HARDDISK         1.0  PQ: 0 ANSI: 5
[   10.496591] scsi target2:0:0: Beginning Domain Validation
[   10.601051] scsi target2:0:0: Domain Validation skipping write tests
[   10.659588] scsi target2:0:0: Ending Domain Validation
[   10.669245] scsi target2:0:0: asynchronous
[   11.523671] scsi 2:0:1:0: Direct-Access     VBOX     HARDDISK         1.0  PQ: 0 ANSI: 5
[   11.552905] scsi target2:0:1: Beginning Domain Validation
[   11.592504] scsi target2:0:1: Domain Validation skipping write tests
[   12.557062] scsi target2:0:1: Ending Domain Validation
[   12.655323] scsi target2:0:1: asynchronous
[   12.683048] sd 2:0:0:0: [sda] 20971520 512-byte logical blocks: (10.7 GB/10.0 GiB)
[   12.722055] sd 2:0:0:0: Attached scsi generic sg0 type 0
[   12.749683] sd 2:0:0:0: [sda] Write Protect is off
[   12.762037] sd 2:0:1:0: Attached scsi generic sg1 type 0
[   12.762087] sd 2:0:1:0: [sdb] 20480 512-byte logical blocks: (10.5 MB/10.0 MiB)
[   12.762342] sd 2:0:1:0: [sdb] Write Protect is off
[   12.762545] sd 2:0:1:0: [sdb] Incomplete mode parameter data
[   12.762546] sd 2:0:1:0: [sdb] Assuming drive cache: write through
[   12.764895] sd 2:0:1:0: [sdb] Attached SCSI disk
[   12.811706] sd 2:0:0:0: [sda] Incomplete mode parameter data
[   12.811707] sd 2:0:0:0: [sda] Assuming drive cache: write through
[   12.812799]  sda: sda1
[   12.813637] sd 2:0:0:0: [sda] Attached SCSI disk
Begin: Loading e[   14.328150] md: linear personality registered for level -1
ssential drivers ... [   14.384496] md: multipath personality registered for level -4
[   14.433102] md: raid0 personality registered for level 0
[   14.437336] md: raid1 personality registered for level 1
[   14.510412] raid6: sse2x1   gen() 11528 MB/s
[   14.582407] raid6: sse2x1   xor()  8718 MB/s
[   14.658353] raid6: sse2x2   gen() 13967 MB/s
[   14.734397] raid6: sse2x2   xor()  9904 MB/s
[   14.802716] raid6: sse2x4   gen() 15019 MB/s
[   14.890593] raid6: sse2x4   xor() 10706 MB/s
[   14.958860] raid6: avx2x1   gen() 22565 MB/s
[   15.030642] raid6: avx2x2   gen() 24087 MB/s
[   15.102371] raid6: avx2x4   gen() 28177 MB/s
[   15.109731] raid6: using algorithm avx2x4 gen() 28177 MB/s
[   15.118680] raid6: using avx2x2 recovery algorithm
[   15.122575] xor: automatically using best checksumming function:
[   15.175022]    avx       : 32482.000 MB/sec
[   15.200028] async_tx: api initialized (async)
[   15.271090] md: raid6 personality registered for level 6
[   15.327061] md: raid5 personality registered for level 5
[   15.377614] md: raid4 personality registered for level 4
[   15.399078] md: raid10 personality registered for level 10
done.
Begin: Running /scripts/init-premount ... done.
Begin: Mounting root file system ... Begin: Running /scripts/local-top ... done.
Begin: Running /scripts/local-premount ... [   15.431507] Btrfs loaded
Scanning for Btrfs filesystems
done.
Warning: fsck not present, so skipping root file system
[   15.468869] EXT4-fs (sda1): mounted filesystem with ordered data mode. Opts: (null)
done.
Begin: Running /scripts/local-bottom ... done.
Begin: Running /scripts/init-bottom ... done.
[   15.562667] systemd[1]: systemd 229 running in system mode. (+PAM +AUDIT +SELINUX +IMA +APPARMOR +SMACK +SYSVINIT +UTMP +LIBCRYPTSETUP +GCRYPT +GNUTLS +ACL +XZ -LZ4 +SECCOMP +BLKID +ELFUTILS +KMOD -IDN)
[   15.566451] systemd[1]: Detected virtualization oracle.
[   15.567640] systemd[1]: Detected architecture x86-64.

Welcome to [1mUbuntu 16.04.6 LTS[0m!

[   15.571858] systemd[1]: Set hostname to <ubuntu-xenial>.
[   15.685848] systemd[1]: Reached target System Time Synchronized.
[[0;32m  OK  [0m] Reached target System Time Synchronized.
[   15.689021] systemd[1]: Set up automount Arbitrary Executable File Formats File System Automount Point.
[[0;32m  OK  [0m] Set up automount Arbitrary Executab...ats File System Automount Point.
[   15.693005] systemd[1]: Listening on udev Kernel Socket.
[[0;32m  OK  [0m] Listening on udev Kernel Socket.
[   15.695687] systemd[1]: Listening on Journal Socket (/dev/log).
[[0;32m  OK  [0m] Listening on Journal Socket (/dev/log).
[   15.698850] systemd[1]: Created slice User and Session Slice.
[[0;32m  OK  [0m] Created slice User and Session Slice.
[   15.701706] systemd[1]: Listening on LVM2 poll daemon socket.
[[0;32m  OK  [0m] Listening on LVM2 poll daemon socket.
[   15.704615] systemd[1]: Listening on Device-mapper event daemon FIFOs.
[[0;32m  OK  [0m] Listening on Device-mapper event daemon FIFOs.
[   15.707728] systemd[1]: Listening on Journal Socket.
[[0;32m  OK  [0m] Listening on Journal Socket.
[   15.710975] systemd[1]: Listening on LVM2 metadata daemon socket.
[[0;32m  OK  [0m] Listening on LVM2 metadata daemon socket.
[   15.714044] systemd[1]: Created slice System Slice.
[[0;32m  OK  [0m] Created slice System Slice.
[   15.717421] systemd[1]: Created slice system-serial\x2dgetty.slice.
[[0;32m  OK  [0m] Created slice system-serial\x2dgetty.slice.
[   15.738429] systemd[1]: Starting Load Kernel Modules...
         Starting Load Kernel Modules...
[   15.757287] systemd[1]: Reached target Slices.
[   15.757332] Loading iSCSI transport class v2.0-870.
[[0;32m  OK  [0m] Reached target Slices.
[   15.843331] iscsi: registered transport (tcp)
[   15.890538] systemd[1]: Starting Set console keymap...
         Starting Set console keymap...
[   15.940205] systemd[1]: Starting Remount Root and Kernel File Systems...
[   15.941786] iscsi: registered transport (iser)
         Starting Remount Root and Kernel File Systems...
[   15.944658] systemd[1]: Mounting POSIX Message Queue File System...
[   15.952615] EXT4-fs (sda1): re-mounted. Opts: (null)
         Mounting POSIX Message Queue File System...
[   16.003173] systemd[1]: Starting Uncomplicated firewall...
[   16.023519] random: nonblocking pool is initialized
         Starting Uncomplicated firewall...
[   16.066730] systemd[1]: Started Trigger resolvconf update for networkd DNS.
[[0;32m  OK  [0m] Started Trigger resolvconf update for networkd DNS.
[   16.097996] systemd[1]: Reached target Swap.
[[0;32m  OK  [0m] Reached target Swap.
[ 16.474505] sytemd[1]: Mouting Hue ags leSyem...

         Mounting Huge Pages File System...
[   16.828612] systemd[1]: Mounting Debug File System...
         Mounting Debug File System...
[   16.859069] systemd[1]: Starting Monitoring of LVM2 mirrors, snapshots etc. using dmeventd or progress polling...
         Starting Monitoring of LVM2 mirrors... dmeventd or progress polling...
[   16.941729] systemd[1]: Reached target Encrypted Volumes.
[[0;32m  OK  [0m] Reached target Encrypted Volumes.
[   16.947195] systemd[1]: Reached target User and Group Name Lookups.
[[0;32m  OK  [0m] Reached target User and Group Name Lookups.
[   16.999042] systemd[1]: Starting Nameserver information manager...
         Starting Nameserver information manager...
[   17.13197 systemd[1]: Listening on Journal Audit Socket.
[[0;32m  OK  [0m] Listening on Journal Audit Socket.
[ 17.41177] systed[: Lieng n sl Socket.
[[0;32m  OK  [0m] Listening on Syslog Socket.
[   18.530849] systemd[1]: Starting Journal Service...
         Starting Journal Service...
[   186534] systemd[1]: Listening on /dev/initctl Compatibliy Named Pipe.
[[0;32m  OK  [0m] Listening on /dev/initctl Compatibility Named Pipe.
[   18.838805] systemd[1]: Starting Create list of required static device nodes for the current kernel...
         Starting Create list of required st... nodes for the current kernel...
[   18.852592] systemd[1]: Listening on udev Control Socket.
[[0;32m  OK  [0m] Listening on udev Control Socket.
[   18.875235] systemd[1]: Started Forward Password Requests to Wall Directory Watch.
[[0;32m  OK  [0m] Started Forward Password Requests to Wall Directory Watch.
[   8.902736] systemd[1]: Mounted Huge Pages File System.

[[0;32m  OK  [0m] Mounted Huge Pages File System.
[ 18661] systemd[1]: Mounted POSIX Message Queue File System.
[[0;32m  OK  [0m] Mounted POSIX Message Queue File System.
[   19.122207] systemd[1]: Mounted Debug File System.

[[0;32m  OK  [0m] Mounted Debug File System.
[   19.124824] systemd[1]: Started Journal Service.
[[0;32m  OK  [0m] Started Journal Service.
[[0;32m  OK  [0m] Started Load Kernel Modules.
[[0;32m  OK  [0m] Started Set console keymap.
[[0;32m  OK  [0m] Started Remount Root and Kernel File Systems.
[[0;32m  OK  [0m] Started Uncomplicated firewall.
[[0;32m  OK  [0m] Started Create list of required sta...ce nodes for the current kernel.
[[0;32m  OK  [0m] Started Nameserver information manager.
[[0;32m  OK  [0m] Started LVM2 metadata daemon.
         Starting Create Static Device Nodes in /dev...
         Starting Load/Save Random Seed...
         Starting udev Coldplug all Devices...
         Mounting FUSE Control File System...
         Starting Apply Kernel Variables...
         Starting Flush Journal to Persistent Storage...
[[0;32m  OK  [0m] Mounted FUSE Control File System.
[[0;32m  OK  [0m] Started Create Static Device Nodes in /dev.
[[0;32m  OK  [0m] Started Load/Save Random Seed.
[[0;32m  OK  [0m] Started Monitoring of LVM2 mirrors,...ng dmeventd or progress polling.
[[0;32m  OK  [0m] Started Apply Kernel Variables.
[[0;32m  OK  [0m] Started udev Coldplug all Devices.
[[0;32m  OK  [0m] Started Flush Journal to Persistent Storage.
[[0;32m  OK  [0m] Reached target Local File Systems (Pre).
[[0;32m  OK  [0m] Reached target Local File Systems.
         Starting Tell Plymouth To Write Out Runtime Data...
         Starting LSB: AppArmor initialization...
         Starting Initial cloud-init job (pre-networking)...
         Starting Create Volatile Files and Directories...
         Starting Set console font and keymap...
         Starting udev Kernel Device Manager...
[[0;32m  OK  [0m] Started Tell Plymouth To Write Out Runtime Data.
[[0;32m  OK  [0m] Started Create Volatile Files and Directories.
         Starting Update UTMP about System Boot/Shutdown...
[[0;32m  OK  [0m] Started udev Kernel Device Manager.
[[0;32m  OK  [0m] Started Dispatch Password Requests to Console Directory Watch.
[[0;32m  OK  [0m] Started LSB: AppArmor initialization.
[[0;32m  OK  [0m] Started Update UTMP about System Boot/Shutdown.
[[0;32m  OK  [0m] Found device /dev/ttyS0.
[[0;32m  OK  [0m] Found device 82540EM Gigabit Ethern...r (PRO/1000 MT Desktop Adapter).
[[0;32m  OK  [0m] Listening on Load/Save RF Kill Switch Status /dev/rfkill Watch.
[[0;32m  OK  [0m] Started Set console font and keymap.
[[0;32m  OK  [0m] Created slice system-getty.slice.
[   17.027928] cloud-init[464]: Cloud-init v. 18.5-45-g3554ffe8-0ubuntu1~16.04.1 running 'init-local' at Sat, 27 Apr 2019 22:00:36 +0000. Up 16.73 seconds.
[[0;32m  OK  [0m] Started Initial cloud-init job (pre-networking).
[[0;32m  OK  [0m] Reached target Network (Pre).
[[0;32m  OK  [0m] Started ifup for enp0s3.
         Starting Raise network interfaces...
[[0;32m  OK  [0m] Started Raise network interfaces.
[[0;32m  OK  [0m] Reached target Network.
         Starting Initial cloud-init job (metadata service crawler)...
[   18.182868] cloud-init[956]: Cloud-init v. 18.5-45-g3554ffe8-0ubuntu1~16.04.1 running 'init' at Sat, 27 Apr 2019 22:00:37 +0000. Up 17.84 seconds.
[   18.232202] [cloud-init[0;32m  OK  [0m[956]: ] ci-info: +++++++++++++++++++++++++++++++++++++Net device info++++++++++++++++++++++++++++++++++++++Started Initial cloud-init job (metadata service crawler).

[   18.232767] cloud-init[956]: ci-info: +--------+------+---------------------------+---------------+--------+-------------------+
[   18.444484] [cloud-init[956]: [0;32m  OK  [0mci-info: | Device |  Up  |          Address          |      Mask     | Scope  |     Hw-Address    |] 
Reached target System Initialization.
[[0;32m  OK  [0m] Listening on ACPID Listen Socket.
[[0;32m  OK  [0m] Listening on D-Bus System Message Bus Socket.
[   18.445358] cloud-init[956]: ci-info: +--------+------+---------------------------+---------------+--------+-------------------+
[   18.664421]          Starting LXD - unix socket.
cloud-init[956]: ci-info: | enp0s3 | True |         10.0.2.15         | 255.255.255.0 | global | 02:0a:56:fb:b9:09 |
[   18.669862] [[0;32m  OK  [0m] Started Daily apt download activities.
         Starting Socket activation for snappy daemon.
[[0;32m  OK  [0m] Listening on UUID daemon activation socket.
[[0;32m  OK  [0m] Started Daily apt upgrade and clean activities.
cloud-init[956]: ci-info: | enp0s3 | True | fe80::a:56ff:fefb:b909/64 |       .       |  link  | 02:0a:56:fb:b9:09 |
[   18.780440] [cloud-init[0;32m  OK  [0m[956]: ] ci-info: |   lo   | True |         127.0.0.1         |   255.0.0.0   |  host  |         .         |Started ACPI Events Check.

[[0;32m  OK  [0m] Reached target Paths.
[[0;32m  OK  [0m] Started Daily Cleanup of Temporary Directories.
[   18.781488] cloud-init[956]: ci-info: |   lo   | True |          ::1/128          |       .       |  host  |         .         |
[   19.132716] [[0;32m  OK  [0m] Reached target Timers.
[[0;32m  OK  [0m] Reached target Cloud-config availability.
cloud-init[956]: ci-info: +--------+------+---------------------------+---------------+--------+-------------------+
[   19.328456] [cloud-init[0;32m  OK  [0m[956]: ] ci-info: +++++++++++++++++++++++++++Route IPv4 info++++++++++++++++++++++++++++Reached target Network is Online.

[   19.329256] cloud-init[956]: ci-info: +-------+-------------+----------+---------------+-----------+-------+
         Starting iSCSI initiator daemon (iscsid)...
[   19.504858] cloud-init[956]: ci-info: | Route | Destination | Gateway  |    Genmask    | Interface | Flags |[[0;32m  OK  [0m] Listening on LXD - unix socket.
[[0;32m  OK  [0m] Listening on Socket activation for snappy daemon.

[   19.537063] cloud-init[956]: ci-info: +-------+-------------+----------+---------------+-----------+-------+
[   19.541493] cloud-init[956]: ci-info: |   0   |   0.0.0.0   | 10.0.2.2 |    0.0.0.0    |   enp0s3  |   UG  |
[   19.548318] cloud-init[956]: ci-info: |   1   |   10.0.2.0  | 0.0.0.0  | 255.255.255.0 |   enp0s3  |   U   |[[0;32m  OK  [0m] Reached target Sockets.
[[0;32m  OK  [0m] Reached target Basic System.
         Starting LSB: MD monitoring daemon...

[   19.553955] cloud-init[956]: ci-info: +-------+-------------+----------+---------------+-----------+-------+[[0;32m  OK  [0m] Started D-Bus System Message Bus.

[   19.573921] cloud-init[956]: ci-info: +++++++++++++++++++Route IPv6 info+++++++++++++++++++
[   19.579795] cloud-init[956]: ci-info: +-------+-------------+---------+-----------+-------+
[   19.624440]          cloud-initStarting Virtualbox guest utils...[956]: 
ci-info: | Route | Destination | Gateway | Interface | Flags |
[   19.780511] [cloud-init[0;32m  OK  [0m[956]: ] ci-info: +-------+-------------+---------+-----------+-------+Started Unattended Upgrades Shutdown.

[   19.781275] cloud-init[956]: ci-info: |   0   |  fe80::/64  |    ::   |   enp0s3  |   U   |
[   19.928897]          Starting Accounts Service...
cloud-init[[0;32m  OK  [0m] Started FUSE filesystem for LXC.
         Starting LSB: Record successful boot for GRUB...
         Starting MySQL Community Server...
[956]: ci-info: |   3   |   ff00::/8  |    ::   |   enp0s3  |   U   |
[   19.936031] cloud-init[956]: ci-info: +-------+-------------+---------+-----------+-------+
[[0;32m  OK  [0m] Started Regular background program processing daemon.
[[0;32m  OK  [0m] Started ACPI event daemon.
         Starting System Logging Service...
         Starting Login Service...
         Starting /etc/rc.local Compatibility...
[[0;32m  OK  [0m] Started Deferred execution scheduler.
         Starting Snappy daemon...
         Starting OpenBSD Secure Shell server...
         Starting LXD - container startup/shutdown...
[[0;32m  OK  [0m] Started System Logging Service.
[[0;32m  OK  [0m] Started iSCSI initiator daemon (iscsid).
[[0;32m  OK  [0m] Started /etc/rc.local Compatibility.
[[0;32m  OK  [0m] Started OpenBSD Secure Shell server.
[[0;32m  OK  [0m] Started LXD - container startup/shutdown.
[[0;32m  OK  [0m] Started LSB: MD monitoring daemon.
[[0;32m  OK  [0m] Started LSB: Record successful boot for GRUB.
[[0;32m  OK  [0m] Started Virtualbox guest utils.
         Starting Authenticate and Authorize Users to Run Privileged Tasks...
         Starting Login to default iSCSI targets...
[[0;32m  OK  [0m] Started Snappy daemon.
[[0;32m  OK  [0m] Started Login Service.
[[0;32m  OK  [0m] Started Authenticate and Authorize Users to Run Privileged Tasks.
[[0;32m  OK  [0m] Started Accounts Service.
         Starting Wait until snapd is fully seeded...
[[0;32m  OK  [0m] Started Login to default iSCSI targets.
[[0;32m  OK  [0m] Started Wait until snapd is fully seeded.
         Starting Apply the settings specified in cloud-config...
[[0;32m  OK  [0m] Reached target Remote File Systems (Pre).
[[0;32m  OK  [0m] Reached target Remote File Systems.
         Starting LSB: Set the CPU Frequency Scaling governor to "ondemand"...
         Starting LSB: daemon to balance interrupts for SMP systems...
         Starting LSB: automatic crash report generation...
         Starting Permit User Sessions...
[[0;32m  OK  [0m] Started Permit User Sessions.
[[0;32m  OK  [0m] Started LSB: Set the CPU Frequency Scaling governor to "ondemand".
         Starting Hold until boot process finishes up...
         Starting Terminate Plymouth Boot Screen...
[[0;32m  OK  [0m] Started LSB: daemon to balance interrupts for SMP systems.
[[0;32m  OK  [0m] Started LSB: automatic crash report generation.
[[0;32m  OK  [0m] Started Hold until boot process finishes up.
[[0;32m  OK  [0m] Started Terminate Plymouth Boot Screen.
[[0;32m  OK  [0m] Started Getty on tty1.
         Starting Set console scheme...
[[0;32m  OK  [0m] Started Serial Getty on ttyS0.
[[0;32m  OK  [0m] Reached target Login Prompts.
[[0;32m  OK  [0m] Started Set console scheme.
[   21.710341] cloud-init[1166]: Cloud-init v. 18.5-45-g3554ffe8-0ubuntu1~16.04.1 running 'modules:config' at Sat, 27 Apr 2019 22:00:41 +0000. Up 21.57 seconds.
[[0;32m  OK  [0m] Started Apply the settings specified in cloud-config.
[[0;32m  OK  [0m] Started MySQL Community Server.
[[0;32m  OK  [0m] Reached target Multi-User System.
         Starting Execute cloud user/final scripts...
[[0;32m  OK  [0m] Reached target Graphical Interface.
         Starting Update UTMP about System Runlevel Changes...
[[0;32m  OK  [0m] Started Update UTMP about System Runlevel Changes.
[   22.880139] cloud-init[1256]: Cloud-init v. 18.5-45-g3554ffe8-0ubuntu1~16.04.1 running 'modules:final' at Sat, 27 Apr 2019 22:00:42 +0000. Up 22.73 seconds.
[   22.944833] cloud-init[1256]: Cloud-init v. 18.5-45-g3554ffe8-0ubuntu1~16.04.1 finished at Sat, 27 Apr 2019 22:00:42 +0000. Datasource DataSourceNoCloud [seed=/dev/sdb][dsmode=net].  Up 22.87 seconds
[[0;32m  OK  [0m] Started Execute cloud user/final scripts.
[[0;32m  OK  [0m] Reached target Cloud-init target.

Ubuntu 16.04.6 LTS ubuntu-xenial ttyS0

ubuntu-xenial login: [[0;32m  OK  [0m] Closed Load/Save RF Kill Switch Status /dev/rfkill Watch.
         Stopping Authenticate and Authorize Users to Run Privileged Tasks...
[[0;32m  OK  [0m] Stopped target          Stopping Unattended Upgrades Shutdown...
         Stopping LSB: Set the CPU Frequency Scaling governor to "ondemand"...
         Stopping OpenBSD Secure Shell server...
         Stopping Regular background program processing daemon...
         Stopping MySQL Community Server...
[[0;32m  OK  [0m] Stopped Daily Cleanup of Temporary Directories.
         Stopping ACPI event daemon...
[[0;32m  OK  [0m] Unmounted /var/lib/lxcfs.
[[0;32m  OK  [0m] Stopped Accounts Service.
[[0;32m  OK  [0m] Stopped Regular background program processing daemon.
[[0;32m  OK  [0m] Stopped System Logging Service.
[[0;32m  OK  [0m] Stopped Deferred execution scheduler.
[[0;32m  OK  [0m] Stopped OpenBSD Secure Shell server.
[[0;32m  OK  [0m] Stopped ACPI event daemon.
[[0;32m  OK  [0m] Stopped Authenticate and Authorize Users to Run Privileged Tasks.
[[0;32m  OK  [0m] Stopped Getty on tty1.
[[0;32m  OK  [0m] Stopped Serial Getty on ttyS0.
[[0;32m  OK  [0m] Stopped User Manager for UID 1000.
[[0;32m  OK  [0m] Stopped D-Bus System Message Bus.
[[0;32m  OK  [0m] Stopped Session 4 of user vagrant.
[[0;32m  OK  [0m] Stopped Unattended Upgrades Shutdown.
[[0;32m  OK  [0m] Stopped FUSE filesystem for LXC.
[[0;32m  OK  [0m] Stopped LSB: MD monitoring daemon.
[[0;32m  OK  [0m] Stopped LXD - container startup/shutdown.
[[0;32m  OK  [0m] Stopped Virtualbox guest utils.
[[0;32m  OK  [0m] Stopped LSB: daemon to balance interrupts for SMP systems.
[[0;32m  OK  [0m] Stopped LSB: Record successful boot for GRUB.
[[0;32m  OK  [0m] Stopped LSB: automatic crash report generation.
[[0;32m  OK  [0m] Stopped LSB: Set the CPU Frequency Scaling governor to "ondemand".
[[0;32m  OK  [0m] Removed slice User Slice of vagrant.
         Stopping Login Service...
[[0;32m  OK  [0m] Removed slice system-serial\x2dgetty.slice.
[[0;32m  OK  [0m] Removed slice system-getty.slice.
         Stopping Permit User Sessions...
[[0;32m  OK  [0m] Stopped /etc/rc.local Compatibility.
[[0;32m  OK  [0m] Stopped Login Service.
[[0;32m  OK  [0m] Stopped Permit User Sessions.
[[0;32m  OK  [0m] Stopped target Remote File Systems.
[[0;32m  OK  [0m] Stopped target Remote File Systems (Pre).
         Stopping Login to default iSCSI targets...
[[0;32m  OK  [0m] Stopped target User and Group Name Lookups.
[[0;32m  OK  [0m] Stopped Login to default iSCSI targets.
         Stopping iSCSI initiator daemon (iscsid)...
[[0;32m  OK  [0m] Stopped iSCSI initiator daemon (iscsid).
[[0;32m  OK  [0m] Stopped target Network is Online.
[[0;32m  OK  [0m] Stopped MySQL Community Server.
[[0;32m  OK  [0m] Stopped target Network.
[[0;32m  OK  [0m] Stopped target Basic System.
[[0;32m  OK  [0m] Stopped target Paths.
[[0;32m  OK  [0m] Stopped Dispatch Password Requests to Console Directory Watch.
[[0;32m  OK  [0m] Stopped Forward Password Requests to Wall Directory Watch.
[[0;32m  OK  [0m] Stopped ACPI Events Check.
[[0;32m  OK  [0m] Stopped target Sockets.
[[0;32m  OK  [0m] Closed UUID daemon activation socket.
[[0;32m  OK  [0m] Closed Socket activation for snappy daemon.
[[0;32m  OK  [0m] Closed LXD - unix socket.
[[0;32m  OK  [0m] Closed ACPID Listen Socket.
[[0;32m  OK  [0m] Closed D-Bus System Message Bus Socket.
[[0;32m  OK  [0m] Closed Syslog Socket.
[[0;32m  OK  [0m] Stopped target System Initialization.
         Stopping Load/Save Random Seed...
[[0;32m  OK  [0m] Stopped target Swap.
[[0;32m  OK  [0m] Stopped target Encrypted Volumes.
         Stopping Update UTMP about System Boot/Shutdown...
[[0;32m  OK  [0m] Stopped Initial cloud-init job (metadata service crawler).
         Stopping Raise network interfaces...
[[0;32m  OK  [0m] Stopped target Slices.
[[0;32m  OK  [0m] Removed slice User and Session Slice.
[[0;32m  OK  [0m] Stopped Load/Save Random Seed.
[[0;32m  OK  [0m] Stopped Update UTMP about System Boot/Shutdown.
[[0;32m  OK  [0m] Stopped Create Volatile Files and Directories.
[[0;32m  OK  [0m] Stopped Raise network interfaces.
[[0;32m  OK  [0m] Stopped target Network (Pre).
[[0;32m  OK  [0m] Stopped Initial cloud-init job (pre-networking).
[[0;32m  OK  [0m] Stopped Apply Kernel Variables.
[[0;32m  OK  [0m] Stopped Load Kernel Modules.
[[0;32m  OK  [0m] Stopped target Local File Systems.
         Unmounting /run/user/1000...
         Unmounting /vagrant...
[[0;32m  OK  [0m] Unmounted /run/user/1000.
[[0;32m  OK  [0m] Unmounted /vagrant.
[[0;32m  OK  [0m] Reached target Unmount All Filesystems.
[[0;32m  OK  [0m] Stopped target Local File Systems (Pre).
[[0;32m  OK  [0m] Stopped Create Static Device Nodes in /dev.
[[0;32m  OK  [0m] Stopped Remount Root and Kernel File Systems.
[[0;32m  OK  [0m] Reached target Shutdown.
[  444.273896] reboot: Power down
